Archive member included to satisfy reference by file (symbol)

C:\Users\leonu\Documents\lora_encryption\Middlewares\STM32_Cryptographic\lib\libSTM32Cryptographic_CM4.a(cmox_cipher.c.o)
                              ./Core/Src/crypto_wrapper.o (cmox_aead_decrypt)
C:\Users\leonu\Documents\lora_encryption\Middlewares\STM32_Cryptographic\lib\libSTM32Cryptographic_CM4.a(cmox_gcm_fast_aesfast_decrypt.c.o)
                              ./Core/Src/crypto_wrapper.o (CMOX_AESFAST_GCMFAST_DEC_ALGO)
C:\Users\leonu\Documents\lora_encryption\Middlewares\STM32_Cryptographic\lib\libSTM32Cryptographic_CM4.a(cmox_gcm_fast_aesfast_encrypt.c.o)
                              ./Core/Src/crypto_wrapper.o (CMOX_AESFAST_GCMFAST_ENC_ALGO)
C:\Users\leonu\Documents\lora_encryption\Middlewares\STM32_Cryptographic\lib\libSTM32Cryptographic_CM4.a(cmox_gcm_fast_common.c.o)
                              C:\Users\leonu\Documents\lora_encryption\Middlewares\STM32_Cryptographic\lib\libSTM32Cryptographic_CM4.a(cmox_gcm_fast_aesfast_decrypt.c.o) (cmox_gcmFast_construct)
C:\Users\leonu\Documents\lora_encryption\Middlewares\STM32_Cryptographic\lib\libSTM32Cryptographic_CM4.a(cmox_gcm_fast_decrypt.c.o)
                              C:\Users\leonu\Documents\lora_encryption\Middlewares\STM32_Cryptographic\lib\libSTM32Cryptographic_CM4.a(cmox_gcm_fast_aesfast_decrypt.c.o) (cmox_gcmFastDecrypt_construct)
C:\Users\leonu\Documents\lora_encryption\Middlewares\STM32_Cryptographic\lib\libSTM32Cryptographic_CM4.a(cmox_gcm_fast_encrypt.c.o)
                              C:\Users\leonu\Documents\lora_encryption\Middlewares\STM32_Cryptographic\lib\libSTM32Cryptographic_CM4.a(cmox_gcm_fast_aesfast_encrypt.c.o) (cmox_gcmFastEncrypt_construct)
C:\Users\leonu\Documents\lora_encryption\Middlewares\STM32_Cryptographic\lib\libSTM32Cryptographic_CM4.a(cmox_init.c.o)
                              ./Core/Src/test.o (cmox_initialize)
C:\Users\leonu\Documents\lora_encryption\Middlewares\STM32_Cryptographic\lib\libSTM32Cryptographic_CM4.a(cmox_aesfast_encrypt.c.o)
                              C:\Users\leonu\Documents\lora_encryption\Middlewares\STM32_Cryptographic\lib\libSTM32Cryptographic_CM4.a(cmox_gcm_fast_aesfast_decrypt.c.o) (CMOX_AESFAST_ENCRYPT_VTABLE)
C:\Users\leonu\Documents\lora_encryption\Middlewares\STM32_Cryptographic\lib\libSTM32Cryptographic_CM4.a(cmox_cipher_modes.c.o)
                              C:\Users\leonu\Documents\lora_encryption\Middlewares\STM32_Cryptographic\lib\libSTM32Cryptographic_CM4.a(cmox_gcm_fast_common.c.o) (cmox_cipherMode_setKey)
C:\Users\leonu\Documents\lora_encryption\Middlewares\STM32_Cryptographic\lib\libSTM32Cryptographic_CM4.a(cmox_gcm_common.c.o)
                              C:\Users\leonu\Documents\lora_encryption\Middlewares\STM32_Cryptographic\lib\libSTM32Cryptographic_CM4.a(cmox_gcm_fast_common.c.o) (cmox_gcm_appendAD_common)
C:\Users\leonu\Documents\lora_encryption\Middlewares\STM32_Cryptographic\lib\libSTM32Cryptographic_CM4.a(cmox_utils_compare.c.o)
                              C:\Users\leonu\Documents\lora_encryption\Middlewares\STM32_Cryptographic\lib\libSTM32Cryptographic_CM4.a(cmox_gcm_common.c.o) (cmox_utils_robustCmp)
C:\Users\leonu\Documents\lora_encryption\Middlewares\STM32_Cryptographic\lib\libSTM32Cryptographic_CM4.a(cmox_aes_common.c.o)
                              C:\Users\leonu\Documents\lora_encryption\Middlewares\STM32_Cryptographic\lib\libSTM32Cryptographic_CM4.a(cmox_aesfast_encrypt.c.o) (CMOX_AES_SBOX)
C:/ST/STM32CubeIDE_1.19.0/STM32CubeIDE/plugins/com.st.stm32cube.ide.mcu.externaltools.gnu-tools-for-stm32.13.3.rel1.win32_1.0.0.202411081344/tools/bin/../lib/gcc/arm-none-eabi/13.3.1/../../../../arm-none-eabi/lib/thumb/v7e-m+fp/hard\libc_nano.a(libc_a-exit.o)
                              C:/ST/STM32CubeIDE_1.19.0/STM32CubeIDE/plugins/com.st.stm32cube.ide.mcu.externaltools.gnu-tools-for-stm32.13.3.rel1.win32_1.0.0.202411081344/tools/bin/../lib/gcc/arm-none-eabi/13.3.1/../../../../arm-none-eabi/lib/thumb/v7e-m+fp/hard/crt0.o (exit)
C:/ST/STM32CubeIDE_1.19.0/STM32CubeIDE/plugins/com.st.stm32cube.ide.mcu.externaltools.gnu-tools-for-stm32.13.3.rel1.win32_1.0.0.202411081344/tools/bin/../lib/gcc/arm-none-eabi/13.3.1/../../../../arm-none-eabi/lib/thumb/v7e-m+fp/hard\libc_nano.a(libc_a-findfp.o)
                              C:/ST/STM32CubeIDE_1.19.0/STM32CubeIDE/plugins/com.st.stm32cube.ide.mcu.externaltools.gnu-tools-for-stm32.13.3.rel1.win32_1.0.0.202411081344/tools/bin/../lib/gcc/arm-none-eabi/13.3.1/../../../../arm-none-eabi/lib/thumb/v7e-m+fp/hard\libc_nano.a(libc_a-exit.o) (__stdio_exit_handler)
C:/ST/STM32CubeIDE_1.19.0/STM32CubeIDE/plugins/com.st.stm32cube.ide.mcu.externaltools.gnu-tools-for-stm32.13.3.rel1.win32_1.0.0.202411081344/tools/bin/../lib/gcc/arm-none-eabi/13.3.1/../../../../arm-none-eabi/lib/thumb/v7e-m+fp/hard\libc_nano.a(libc_a-fwalk.o)
[...]
Memory Configuration

Name             Origin             Length             Attributes
RAM              0x20000000         0x00008000         xrw
FLASH            0x08000000         0x00020000         xr
*default*        0x00000000         0xffffffff

Linker script and memory map

LOAD C:/ST/STM32CubeIDE_1.19.0/STM32CubeIDE/plugins/com.st.stm32cube.ide.mcu.externaltools.gnu-tools-for-stm32.13.3.rel1.win32_1.0.0.202411081344/tools/bin/../lib/gcc/arm-none-eabi/13.3.1/thumb/v7e-m+fp/hard/crti.o
LOAD C:/ST/STM32CubeIDE_1.19.0/STM32CubeIDE/plugins/com.st.stm32cube.ide.mcu.externaltools.gnu-tools-for-stm32.13.3.rel1.win32_1.0.0.202411081344/tools/bin/../lib/gcc/arm-none-eabi/13.3.1/thumb/v7e-m+fp/hard/crtbegin.o
LOAD C:/ST/STM32CubeIDE_1.19.0/STM32CubeIDE/plugins/com.st.stm32cube.ide.mcu.externaltools.gnu-tools-for-stm32.13.3.rel1.win32_1.0.0.202411081344/tools/bin/../lib/gcc/arm-none-eabi/13.3.1/../../../../arm-none-eabi/lib/thumb/v7e-m+fp/hard/crt0.o
LOAD ./Core/Src/crypto_wrapper.o
LOAD ./Core/Src/main.o
LOAD ./Core/Src/stm32g4xx_hal_msp.o
LOAD ./Core/Src/stm32g4xx_it.o
LOAD ./Core/Src/sx1272.o
LOAD ./Core/Src/syscalls.o
LOAD ./Core/Src/sysmem.o
LOAD ./Core/Src/system_stm32g4xx.o
LOAD ./Core/Src/test.o
LOAD ./Core/Startup/startup_stm32g431rbtx.o
LOAD ./Drivers/STM32G4xx_HAL_Driver/Src/stm32g4xx_hal.o
LOAD ./Drivers/STM32G4xx_HAL_Driver/Src/stm32g4xx_hal_cortex.o
LOAD ./Drivers/STM32G4xx_HAL_Driver/Src/stm32g4xx_hal_crc.o
LOAD ./Drivers/STM32G4xx_HAL_Driver/Src/stm32g4xx_hal_crc_ex.o
LOAD ./Drivers/STM32G4xx_HAL_Driver/Src/stm32g4xx_hal_dma.o
LOAD ./Drivers/STM32G4xx_HAL_Driver/Src/stm32g4xx_hal_dma_ex.o
LOAD ./Drivers/STM32G4xx_HAL_Driver/Src/stm32g4xx_hal_exti.o
LOAD ./Drivers/STM32G4xx_HAL_Driver/Src/stm32g4xx_hal_flash.o
LOAD ./Drivers/STM32G4xx_HAL_Driver/Src/stm32g4xx_hal_flash_ex.o
LOAD ./Drivers/STM32G4xx_HAL_Driver/Src/stm32g4xx_hal_flash_ramfunc.o
LOAD ./Drivers/STM32G4xx_HAL_Driver/Src/stm32g4xx_hal_gpio.o
LOAD ./Drivers/STM32G4xx_HAL_Driver/Src/stm32g4xx_hal_pwr.o
LOAD ./Drivers/STM32G4xx_HAL_Driver/Src/stm32g4xx_hal_pwr_ex.o
LOAD ./Drivers/STM32G4xx_HAL_Driver/Src/stm32g4xx_hal_rcc.o
LOAD ./Drivers/STM32G4xx_HAL_Driver/Src/stm32g4xx_hal_rcc_ex.o
LOAD ./Drivers/STM32G4xx_HAL_Driver/Src/stm32g4xx_hal_spi.o
LOAD ./Drivers/STM32G4xx_HAL_Driver/Src/stm32g4xx_hal_spi_ex.o
LOAD ./Drivers/STM32G4xx_HAL_Driver/Src/stm32g4xx_hal_tim.o
LOAD ./Drivers/STM32G4xx_HAL_Driver/Src/stm32g4xx_hal_tim_ex.o
LOAD ./Drivers/STM32G4xx_HAL_Driver/Src/stm32g4xx_hal_uart.o
LOAD ./Drivers/STM32G4xx_HAL_Driver/Src/stm32g4xx_hal_uart_ex.o
START GROUP
LOAD C:\Users\leonu\Documents\lora_encryption\Middlewares\STM32_Cryptographic\lib\libSTM32Cryptographic_CM4.a
END GROUP
START GROUP
LOAD C:/ST/STM32CubeIDE_1.19.0/STM32CubeIDE/plugins/com.st.stm32cube.ide.mcu.externaltools.gnu-tools-for-stm32.13.3.rel1.win32_1.0.0.202411081344/tools/bin/../lib/gcc/arm-none-eabi/13.3.1/../../../../arm-none-eabi/lib/thumb/v7e-m+fp/hard\libstdc++_nano.a
LOAD C:/ST/STM32CubeIDE_1.19.0/STM32CubeIDE/plugins/com.st.stm32cube.ide.mcu.externaltools.gnu-tools-for-stm32.13.3.rel1.win32_1.0.0.202411081344/tools/bin/../lib/gcc/arm-none-eabi/13.3.1/../../../../arm-none-eabi/lib/thumb/v7e-m+fp/hard\libsupc++_nano.a
END GROUP
LOAD C:/ST/STM32CubeIDE_1.19.0/STM32CubeIDE/plugins/com.st.stm32cube.ide.mcu.externaltools.gnu-tools-for-stm32.13.3.rel1.win32_1.0.0.202411081344/tools/bin/../lib/gcc/arm-none-eabi/13.3.1/../../../../arm-none-eabi/lib/thumb/v7e-m+fp/hard\libstdc++_nano.a
LOAD C:/ST/STM32CubeIDE_1.19.0/STM32CubeIDE/plugins/com.st.stm32cube.ide.mcu.externaltools.gnu-tools-for-stm32.13.3.rel1.win32_1.0.0.202411081344/tools/bin/../lib/gcc/arm-none-eabi/13.3.1/../../../../arm-none-eabi/lib/thumb/v7e-m+fp/hard\libm.a
LOAD C:/ST/STM32CubeIDE_1.19.0/STM32CubeIDE/plugins/com.st.stm32cube.ide.mcu.externaltools.gnu-tools-for-stm32.13.3.rel1.win32_1.0.0.202411081344/tools/bin/../lib/gcc/arm-none-eabi/13.3.1/../../../../arm-none-eabi/lib/thumb/v7e-m+fp/hard\libc_nano.a
START GROUP
LOAD C:/ST/STM32CubeIDE_1.19.0/STM32CubeIDE/plugins/com.st.stm32cube.ide.mcu.externaltools.gnu-tools-for-stm32.13.3.rel1.win32_1.0.0.202411081344/tools/bin/../lib/gcc/arm-none-eabi/13.3.1/thumb/v7e-m+fp/hard\libgcc.a
LOAD C:/ST/STM32CubeIDE_1.19.0/STM32CubeIDE/plugins/com.st.stm32cube.ide.mcu.externaltools.gnu-tools-for-stm32.13.3.rel1.win32_1.0.0.202411081344/tools/bin/../lib/gcc/arm-none-eabi/13.3.1/../../../../arm-none-eabi/lib/thumb/v7e-m+fp/hard\libc_nano.a
END GROUP
START GROUP
LOAD C:/ST/STM32CubeIDE_1.19.0/STM32CubeIDE/plugins/com.st.stm32cube.ide.mcu.externaltools.gnu-tools-for-stm32.13.3.rel1.win32_1.0.0.202411081344/tools/bin/../lib/gcc/arm-none-eabi/13.3.1/thumb/v7e-m+fp/hard\libgcc.a
LOAD C:/ST/STM32CubeIDE_1.19.0/STM32CubeIDE/plugins/com.st.stm32cube.ide.mcu.externaltools.gnu-tools-for-stm32.13.3.rel1.win32_1.0.0.202411081344/tools/bin/../lib/gcc/arm-none-eabi/13.3.1/../../../../arm-none-eabi/lib/thumb/v7e-m+fp/hard\libc_nano.a
LOAD C:/ST/STM32CubeIDE_1.19.0/STM32CubeIDE/plugins/com.st.stm32cube.ide.mcu.externaltools.gnu-tools-for-stm32.13.3.rel1.win32_1.0.0.202411081344/tools/bin/../lib/gcc/arm-none-eabi/13.3.1/../../../../arm-none-eabi/lib/thumb/v7e-m+fp/hard\libnosys.a
END GROUP
START GROUP
LOAD C:/ST/STM32CubeIDE_1.19.0/STM32CubeIDE/plugins/com.st.stm32cube.ide.mcu.externaltools.gnu-tools-for-stm32.13.3.rel1.win32_1.0.0.202411081344/tools/bin/../lib/gcc/arm-none-eabi/13.3.1/thumb/v7e-m+fp/hard\libgcc.a
LOAD C:/ST/STM32CubeIDE_1.19.0/STM32CubeIDE/plugins/com.st.stm32cube.ide.mcu.externaltools.gnu-tools-for-stm32.13.3.rel1.win32_1.0.0.202411081344/tools/bin/../lib/gcc/arm-none-eabi/13.3.1/../../../../arm-none-eabi/lib/thumb/v7e-m+fp/hard\libc_nano.a
LOAD C:/ST/STM32CubeIDE_1.19.0/STM32CubeIDE/plugins/com.st.stm32cube.ide.mcu.externaltools.gnu-tools-for-stm32.13.3.rel1.win32_1.0.0.202411081344/tools/bin/../lib/gcc/arm-none-eabi/13.3.1/../../../../arm-none-eabi/lib/thumb/v7e-m+fp/hard\libnosys.a
END GROUP
LOAD C:/ST/STM32CubeIDE_1.19.0/STM32CubeIDE/plugins/com.st.stm32cube.ide.mcu.externaltools.gnu-tools-for-stm32.13.3.rel1.win32_1.0.0.202411081344/tools/bin/../lib/gcc/arm-none-eabi/13.3.1/thumb/v7e-m+fp/hard/crtend.o
LOAD C:/ST/STM32CubeIDE_1.19.0/STM32CubeIDE/plugins/com.st.stm32cube.ide.mcu.externaltools.gnu-tools-for-stm32.13.3.rel1.win32_1.0.0.202411081344/tools/bin/../lib/gcc/arm-none-eabi/13.3.1/thumb/v7e-m+fp/hard/crtn.o
                0x20008000                        _estack = (ORIGIN (RAM) + LENGTH (RAM))
                0x00000200                        _Min_Heap_Size = 0x200
                0x00000400                        _Min_Stack_Size = 0x400

.isr_vector     0x08000000      0x1d8
                0x08000000                        . = ALIGN (0x4)
 *(.isr_vector)
 .isr_vector    0x08000000      0x1d8 ./Core/Startup/startup_stm32g431rbtx.o
                0x08000000                g_pfnVectors
                0x080001d8                        . = ALIGN (0x4)

.text           0x080001e0     0x82fc
                0x080001e0                        . = ALIGN (0x4)
 *(.text)
 .text          0x080001e0       0x40 C:/ST/STM32CubeIDE_1.19.0/STM32CubeIDE/plugins/com.st.stm32cube.ide.mcu.externaltools.gnu-tools-for-stm32.13.3.rel1.win32_1.0.0.202411081344/tools/bin/../lib/gcc/arm-none-eabi/13.3.1/thumb/v7e-m+fp/hard/crtbegin.o
 .text          0x08000220       0x80 C:\Users\leonu\Documents\lora_encryption\Middlewares\STM32_Cryptographic\lib\libSTM32Cryptographic_CM4.a(cmox_cipher.c.o)
                0x08000220                cmox_aead_encrypt
 .text          0x080002a0       0x88 C:\Users\leonu\Documents\lora_encryption\Middlewares\STM32_Cryptographic\lib\libSTM32Cryptographic_CM4.a(cmox_cipher.c.o)
                0x080002a0                cmox_aead_decrypt
 .text          0x08000328       0xa2 C:\Users\leonu\Documents\lora_encryption\Middlewares\STM32_Cryptographic\lib\libSTM32Cryptographic_CM4.a(cmox_cipher.c.o)
 .text          0x080003ca       0x60 C:\Users\leonu\Documents\lora_encryption\Middlewares\STM32_Cryptographic\lib\libSTM32Cryptographic_CM4.a(cmox_cipher.c.o)
                0x080003ca                cmox_aead_innerEncrypt
 *fill*         0x0800042a        0x2 
 .text          0x0800042c       0x68 C:\Users\leonu\Documents\lora_encryption\Middlewares\STM32_Cryptographic\lib\libSTM32Cryptographic_CM4.a(cmox_cipher.c.o)
                0x0800042c                cmox_aead_innerDecrypt
 .text          0x08000494       0x68 C:\Users\leonu\Documents\lora_encryption\Middlewares\STM32_Cryptographic\lib\libSTM32Cryptographic_CM4.a(cmox_gcm_fast_aesfast_decrypt.c.o)
 .text          0x080004fc       0x68 C:\Users\leonu\Documents\lora_encryption\Middlewares\STM32_Cryptographic\lib\libSTM32Cryptographic_CM4.a(cmox_gcm_fast_aesfast_encrypt.c.o)
 .text          0x08000564      0x198 C:\Users\leonu\Documents\lora_encryption\Middlewares\STM32_Cryptographic\lib\libSTM32Cryptographic_CM4.a(cmox_gcm_fast_common.c.o)
 .text          0x080006fc       0x24 C:\Users\leonu\Documents\lora_encryption\Middlewares\STM32_Cryptographic\lib\libSTM32Cryptographic_CM4.a(cmox_gcm_fast_common.c.o)
                0x080006fc                cmox_gcmFast_cleanup
 .text          0x08000720       0x28 C:\Users\leonu\Documents\lora_encryption\Middlewares\STM32_Cryptographic\lib\libSTM32Cryptographic_CM4.a(cmox_gcm_fast_common.c.o)
                0x08000720                cmox_gcmFast_init
 .text          0x08000748      0x29c C:\Users\leonu\Documents\lora_encryption\Middlewares\STM32_Cryptographic\lib\libSTM32Cryptographic_CM4.a(cmox_gcm_fast_common.c.o)
                0x08000748                cmox_gcmFast_setKey
 .text          0x080009e4       0x3c C:\Users\leonu\Documents\lora_encryption\Middlewares\STM32_Cryptographic\lib\libSTM32Cryptographic_CM4.a(cmox_gcm_fast_common.c.o)
                0x080009e4                cmox_gcmFast_setIV
 .text          0x08000a20       0x2c C:\Users\leonu\Documents\lora_encryption\Middlewares\STM32_Cryptographic\lib\libSTM32Cryptographic_CM4.a(cmox_gcm_fast_common.c.o)
                0x08000a20                cmox_gcmFast_setTagLen
 .text          0x08000a4c       0x40 C:\Users\leonu\Documents\lora_encryption\Middlewares\STM32_Cryptographic\lib\libSTM32Cryptographic_CM4.a(cmox_gcm_fast_common.c.o)
                0x08000a4c                cmox_gcmFast_appendAD
 .text          0x08000a8c        0xa C:\Users\leonu\Documents\lora_encryption\Middlewares\STM32_Cryptographic\lib\libSTM32Cryptographic_CM4.a(cmox_gcm_fast_common.c.o)
                0x08000a8c                cmox_gcmFast_getByCipher
 .text          0x08000a96       0x16 C:\Users\leonu\Documents\lora_encryption\Middlewares\STM32_Cryptographic\lib\libSTM32Cryptographic_CM4.a(cmox_gcm_fast_common.c.o)
                0x08000a96                cmox_gcmFast_construct
 .text          0x08000aac        0xc C:\Users\leonu\Documents\lora_encryption\Middlewares\STM32_Cryptographic\lib\libSTM32Cryptographic_CM4.a(cmox_gcm_fast_decrypt.c.o)
 .text          0x08000ab8        0xc C:\Users\leonu\Documents\lora_encryption\Middlewares\STM32_Cryptographic\lib\libSTM32Cryptographic_CM4.a(cmox_gcm_fast_decrypt.c.o)
 .text          0x08000ac4        0xc C:\Users\leonu\Documents\lora_encryption\Middlewares\STM32_Cryptographic\lib\libSTM32Cryptographic_CM4.a(cmox_gcm_fast_decrypt.c.o)
 .text          0x08000ad0        0xc C:\Users\leonu\Documents\lora_encryption\Middlewares\STM32_Cryptographic\lib\libSTM32Cryptographic_CM4.a(cmox_gcm_fast_decrypt.c.o)
 .text          0x08000adc        0xc C:\Users\leonu\Documents\lora_encryption\Middlewares\STM32_Cryptographic\lib\libSTM32Cryptographic_CM4.a(cmox_gcm_fast_decrypt.c.o)
 .text          0x08000ae8        0xc C:\Users\leonu\Documents\lora_encryption\Middlewares\STM32_Cryptographic\lib\libSTM32Cryptographic_CM4.a(cmox_gcm_fast_decrypt.c.o)
 .text          0x08000af4       0x44 C:\Users\leonu\Documents\lora_encryption\Middlewares\STM32_Cryptographic\lib\libSTM32Cryptographic_CM4.a(cmox_gcm_fast_decrypt.c.o)
 .text          0x08000b38       0x3c C:\Users\leonu\Documents\lora_encryption\Middlewares\STM32_Cryptographic\lib\libSTM32Cryptographic_CM4.a(cmox_gcm_fast_decrypt.c.o)
 .text          0x08000b74       0x1c C:\Users\leonu\Documents\lora_encryption\Middlewares\STM32_Cryptographic\lib\libSTM32Cryptographic_CM4.a(cmox_gcm_fast_decrypt.c.o)
                0x08000b74                cmox_gcmFastDecrypt_construct
 .text          0x08000b90        0xc C:\Users\leonu\Documents\lora_encryption\Middlewares\STM32_Cryptographic\lib\libSTM32Cryptographic_CM4.a(cmox_gcm_fast_encrypt.c.o)
 .text          0x08000b9c        0xc C:\Users\leonu\Documents\lora_encryption\Middlewares\STM32_Cryptographic\lib\libSTM32Cryptographic_CM4.a(cmox_gcm_fast_encrypt.c.o)
 .text          0x08000ba8        0xc C:\Users\leonu\Documents\lora_encryption\Middlewares\STM32_Cryptographic\lib\libSTM32Cryptographic_CM4.a(cmox_gcm_fast_encrypt.c.o)
 .text          0x08000bb4        0xc C:\Users\leonu\Documents\lora_encryption\Middlewares\STM32_Cryptographic\lib\libSTM32Cryptographic_CM4.a(cmox_gcm_fast_encrypt.c.o)
 .text          0x08000bc0        0xc C:\Users\leonu\Documents\lora_encryption\Middlewares\STM32_Cryptographic\lib\libSTM32Cryptographic_CM4.a(cmox_gcm_fast_encrypt.c.o)
 .text          0x08000bcc        0xc C:\Users\leonu\Documents\lora_encryption\Middlewares\STM32_Cryptographic\lib\libSTM32Cryptographic_CM4.a(cmox_gcm_fast_encrypt.c.o)
 .text          0x08000bd8       0x44 C:\Users\leonu\Documents\lora_encryption\Middlewares\STM32_Cryptographic\lib\libSTM32Cryptographic_CM4.a(cmox_gcm_fast_encrypt.c.o)
 .text          0x08000c1c       0x3c C:\Users\leonu\Documents\lora_encryption\Middlewares\STM32_Cryptographic\lib\libSTM32Cryptographic_CM4.a(cmox_gcm_fast_encrypt.c.o)
 .text          0x08000c58       0x1c C:\Users\leonu\Documents\lora_encryption\Middlewares\STM32_Cryptographic\lib\libSTM32Cryptographic_CM4.a(cmox_gcm_fast_encrypt.c.o)
                0x08000c58                cmox_gcmFastEncrypt_construct
 .text          0x08000c74       0x80 C:\Users\leonu\Documents\lora_encryption\Middlewares\STM32_Cryptographic\lib\libSTM32Cryptographic_CM4.a(cmox_init.c.o)
                0x08000c74                cmox_initialize
 .text          0x08000cf4      0x2cc C:\Users\leonu\Documents\lora_encryption\Middlewares\STM32_Cryptographic\lib\libSTM32Cryptographic_CM4.a(cmox_aesfast_encrypt.c.o)
 .text          0x08000fc0      0x3c8 C:\Users\leonu\Documents\lora_encryption\Middlewares\STM32_Cryptographic\lib\libSTM32Cryptographic_CM4.a(cmox_cipher_modes.c.o)
                0x08000fc0                cmox_cipherMode_setKey
 .text          0x08001388        0x6 C:\Users\leonu\Documents\lora_encryption\Middlewares\STM32_Cryptographic\lib\libSTM32Cryptographic_CM4.a(cmox_cipher_modes.c.o)
                0x08001388                cmox_cipher_setPayloadLen_empty
 .text          0x0800138e        0x6 C:\Users\leonu\Documents\lora_encryption\Middlewares\STM32_Cryptographic\lib\libSTM32Cryptographic_CM4.a(cmox_cipher_modes.c.o)
                0x0800138e                cmox_cipher_setADLen_empty
 .text          0x08001394        0x8 C:\Users\leonu\Documents\lora_encryption\Middlewares\STM32_Cryptographic\lib\libSTM32Cryptographic_CM4.a(cmox_cipher_modes.c.o)
                0x08001394                cmox_cipher_generateTag_empty
 .text          0x0800139c        0x8 C:\Users\leonu\Documents\lora_encryption\Middlewares\STM32_Cryptographic\lib\libSTM32Cryptographic_CM4.a(cmox_cipher_modes.c.o)
                0x0800139c                cmox_cipher_verifyTag_empty
 .text          0x080013a4        0x8 C:\Users\leonu\Documents\lora_encryption\Middlewares\STM32_Cryptographic\lib\libSTM32Cryptographic_CM4.a(cmox_cipher_modes.c.o)
 .text          0x080013ac       0x24 C:\Users\leonu\Documents\lora_encryption\Middlewares\STM32_Cryptographic\lib\libSTM32Cryptographic_CM4.a(cmox_gcm_common.c.o)
                0x080013ac                poly_xor
 .text          0x080013d0       0x12 C:\Users\leonu\Documents\lora_encryption\Middlewares\STM32_Cryptographic\lib\libSTM32Cryptographic_CM4.a(cmox_gcm_common.c.o)
                0x080013d0                poly_copy
 .text          0x080013e2       0x3a C:\Users\leonu\Documents\lora_encryption\Middlewares\STM32_Cryptographic\lib\libSTM32Cryptographic_CM4.a(cmox_gcm_common.c.o)
                0x080013e2                gfmul_x
 .text          0x0800141c       0x40 C:\Users\leonu\Documents\lora_encryption\Middlewares\STM32_Cryptographic\lib\libSTM32Cryptographic_CM4.a(cmox_gcm_common.c.o)
                0x0800141c                gfmul_x4
 .text          0x0800145c       0x48 C:\Users\leonu\Documents\lora_encryption\Middlewares\STM32_Cryptographic\lib\libSTM32Cryptographic_CM4.a(cmox_gcm_common.c.o)
                0x0800147c                cmox_gcm_initCommon
 .text          0x080014a4       0xea C:\Users\leonu\Documents\lora_encryption\Middlewares\STM32_Cryptographic\lib\libSTM32Cryptographic_CM4.a(cmox_gcm_common.c.o)
                0x080014a4                cmox_gcm_appendAD_common
 .text          0x0800158e       0x6a C:\Users\leonu\Documents\lora_encryption\Middlewares\STM32_Cryptographic\lib\libSTM32Cryptographic_CM4.a(cmox_gcm_common.c.o)
 .text          0x080015f8      0x1c4 C:\Users\leonu\Documents\lora_encryption\Middlewares\STM32_Cryptographic\lib\libSTM32Cryptographic_CM4.a(cmox_gcm_common.c.o)
                0x080015f8                cmox_gcm_encrypt_common
 .text          0x080017bc       0x88 C:\Users\leonu\Documents\lora_encryption\Middlewares\STM32_Cryptographic\lib\libSTM32Cryptographic_CM4.a(cmox_gcm_common.c.o)
                0x080017bc                cmox_gcm_generateTag_common
 .text          0x08001844      0x1a8 C:\Users\leonu\Documents\lora_encryption\Middlewares\STM32_Cryptographic\lib\libSTM32Cryptographic_CM4.a(cmox_gcm_common.c.o)
                0x08001844                cmox_gcm_decrypt_common
 .text          0x080019ec       0x74 C:\Users\leonu\Documents\lora_encryption\Middlewares\STM32_Cryptographic\lib\libSTM32Cryptographic_CM4.a(cmox_gcm_common.c.o)
                0x080019ec                cmox_gcm_decrypt_verify_common
 .text          0x08001a60       0x30 C:\Users\leonu\Documents\lora_encryption\Middlewares\STM32_Cryptographic\lib\libSTM32Cryptographic_CM4.a(cmox_utils_compare.c.o)
 .text          0x08001a90       0x36 C:\Users\leonu\Documents\lora_encryption\Middlewares\STM32_Cryptographic\lib\libSTM32Cryptographic_CM4.a(cmox_utils_compare.c.o)
 .text          0x08001ac6       0x94 C:\Users\leonu\Documents\lora_encryption\Middlewares\STM32_Cryptographic\lib\libSTM32Cryptographic_CM4.a(cmox_utils_compare.c.o)
 .text          0x08001b5a       0x88 C:\Users\leonu\Documents\lora_encryption\Middlewares\STM32_Cryptographic\lib\libSTM32Cryptographic_CM4.a(cmox_utils_compare.c.o)
 *fill*         0x08001be2        0x2 
 .text          0x08001be4       0xfc C:\Users\leonu\Documents\lora_encryption\Middlewares\STM32_Cryptographic\lib\libSTM32Cryptographic_CM4.a(cmox_utils_compare.c.o)
                0x08001bf0                cmox_utils_robustCmp
 .text          0x08001ce0      0x110 C:\Users\leonu\Documents\lora_encryption\Middlewares\STM32_Cryptographic\lib\libSTM32Cryptographic_CM4.a(cmox_aes_common.c.o)
                0x08001ce0                cmox_aesSmall_keySchedule
 .text          0x08001df0       0x10 C:/ST/STM32CubeIDE_1.19.0/STM32CubeIDE/plugins/com.st.stm32cube.ide.mcu.externaltools.gnu-tools-for-stm32.13.3.rel1.win32_1.0.0.202411081344/tools/bin/../lib/gcc/arm-none-eabi/13.3.1/../../../../arm-none-eabi/lib/thumb/v7e-m+fp/hard\libc_nano.a(libc_a-strlen.o)
                0x08001df0                strlen
 .text          0x08001e00       0x9a C:/ST/STM32CubeIDE_1.19.0/STM32CubeIDE/plugins/com.st.stm32cube.ide.mcu.externaltools.gnu-tools-for-stm32.13.3.rel1.win32_1.0.0.202411081344/tools/bin/../lib/gcc/arm-none-eabi/13.3.1/../../../../arm-none-eabi/lib/thumb/v7e-m+fp/hard\libc_nano.a(libc_a-aeabi_memset-soft.o)
                0x08001e00                __aeabi_memset8
                0x08001e00                __aeabi_memset4
                0x08001e00                __aeabi_memset
 *fill*         0x08001e9a        0x6 
 .text          0x08001ea0       0xa0 C:/ST/STM32CubeIDE_1.19.0/STM32CubeIDE/plugins/com.st.stm32cube.ide.mcu.externaltools.gnu-tools-for-stm32.13.3.rel1.win32_1.0.0.202411081344/tools/bin/../lib/gcc/arm-none-eabi/13.3.1/../../../../arm-none-eabi/lib/thumb/v7e-m+fp/hard\libc_nano.a(libc_a-memchr.o)
                0x08001ea0                memchr
 .text          0x08001f40       0x30 C:/ST/STM32CubeIDE_1.19.0/STM32CubeIDE/plugins/com.st.stm32cube.ide.mcu.externaltools.gnu-tools-for-stm32.13.3.rel1.win32_1.0.0.202411081344/tools/bin/../lib/gcc/arm-none-eabi/13.3.1/thumb/v7e-m+fp/hard\libgcc.a(_aeabi_uldivmod.o)
                0x08001f40                __aeabi_uldivmod
 .text          0x08001f70      0x2f8 C:/ST/STM32CubeIDE_1.19.0/STM32CubeIDE/plugins/com.st.stm32cube.ide.mcu.externaltools.gnu-tools-for-stm32.13.3.rel1.win32_1.0.0.202411081344/tools/bin/../lib/gcc/arm-none-eabi/13.3.1/thumb/v7e-m+fp/hard\libgcc.a(_udivmoddi4.o)
                0x08001f70                __udivmoddi4
 .text          0x08002268        0x4 C:/ST/STM32CubeIDE_1.19.0/STM32CubeIDE/plugins/com.st.stm32cube.ide.mcu.externaltools.gnu-tools-for-stm32.13.3.rel1.win32_1.0.0.202411081344/tools/bin/../lib/gcc/arm-none-eabi/13.3.1/thumb/v7e-m+fp/hard\libgcc.a(_dvmd_tls.o)
                0x08002268                __aeabi_idiv0
                0x08002268                __aeabi_ldiv0
 *(.text*)
 .text.secure_payload_encrypt
                0x0800226c      0x180 ./Core/Src/crypto_wrapper.o
                0x0800226c                secure_payload_encrypt
 .text.secure_payload_decrypt
                0x080023ec      0x148 ./Core/Src/crypto_wrapper.o
                0x080023ec                secure_payload_decrypt
 .text.cmox_ll_init
                0x08002534       0x34 ./Core/Src/crypto_wrapper.o
                0x08002534                cmox_ll_init
 .text.HAL_GPIO_EXTI_Callback
                0x08002568       0x54 ./Core/Src/main.o
                0x08002568                HAL_GPIO_EXTI_Callback
 .text.main     0x080025bc      0x16c ./Core/Src/main.o
                0x080025bc                main
 .text.SystemClock_Config
                0x08002728       0x98 ./Core/Src/main.o
                0x08002728                SystemClock_Config
 .text.MX_CRC_Init
                0x080027c0       0x44 ./Core/Src/main.o
 .text.MX_SPI1_Init
                0x08002804       0x7c ./Core/Src/main.o
 .text.MX_TIM2_Init
                0x08002880       0x9c ./Core/Src/main.o
 .text.MX_USART3_UART_Init
                0x0800291c       0x98 ./Core/Src/main.o
 .text.MX_GPIO_Init
                0x080029b4      0x1b4 ./Core/Src/main.o
 .text.Error_Handler
                0x08002b68        0xc ./Core/Src/main.o
                0x08002b68                Error_Handler
 .text.HAL_MspInit
                0x08002b74       0x48 ./Core/Src/stm32g4xx_hal_msp.o
                0x08002b74                HAL_MspInit
 .text.HAL_CRC_MspInit
                0x08002bbc       0x40 ./Core/Src/stm32g4xx_hal_msp.o
                0x08002bbc                HAL_CRC_MspInit
 .text.HAL_SPI_MspInit
                0x08002bfc       0x94 ./Core/Src/stm32g4xx_hal_msp.o
                0x08002bfc                HAL_SPI_MspInit
 .text.HAL_TIM_Base_MspInit
                0x08002c90       0x3c ./Core/Src/stm32g4xx_hal_msp.o
                0x08002c90                HAL_TIM_Base_MspInit
 .text.HAL_UART_MspInit
                0x08002ccc       0xb4 ./Core/Src/stm32g4xx_hal_msp.o
                0x08002ccc                HAL_UART_MspInit
 .text.NMI_Handler
                0x08002d80        0x8 ./Core/Src/stm32g4xx_it.o
                0x08002d80                NMI_Handler
 .text.HardFault_Handler
                0x08002d88        0x8 ./Core/Src/stm32g4xx_it.o
                0x08002d88                HardFault_Handler
 .text.MemManage_Handler
                0x08002d90        0x8 ./Core/Src/stm32g4xx_it.o
                0x08002d90                MemManage_Handler
 .text.BusFault_Handler
                0x08002d98        0x8 ./Core/Src/stm32g4xx_it.o
                0x08002d98                BusFault_Handler
 .text.UsageFault_Handler
                0x08002da0        0x8 ./Core/Src/stm32g4xx_it.o
                0x08002da0                UsageFault_Handler
 .text.SVC_Handler
                0x08002da8        0xe ./Core/Src/stm32g4xx_it.o
                0x08002da8                SVC_Handler
 .text.DebugMon_Handler
                0x08002db6        0xe ./Core/Src/stm32g4xx_it.o
                0x08002db6                DebugMon_Handler
 .text.PendSV_Handler
                0x08002dc4        0xe ./Core/Src/stm32g4xx_it.o
                0x08002dc4                PendSV_Handler
 .text.SysTick_Handler
                0x08002dd2        0xc ./Core/Src/stm32g4xx_it.o
                0x08002dd2                SysTick_Handler
 .text.EXTI1_IRQHandler
                0x08002dde        0xe ./Core/Src/stm32g4xx_it.o
                0x08002dde                EXTI1_IRQHandler
 .text.EXTI3_IRQHandler
                0x08002dec        0xe ./Core/Src/stm32g4xx_it.o
                0x08002dec                EXTI3_IRQHandler
 *fill*         0x08002dfa        0x2 
 .text.SPI1_IRQHandler
                0x08002dfc       0x14 ./Core/Src/stm32g4xx_it.o
                0x08002dfc                SPI1_IRQHandler
 .text.SX1272_Select
                0x08002e10       0x20 ./Core/Src/sx1272.o
 .text.SX1272_Unselect
                0x08002e30       0x20 ./Core/Src/sx1272.o
 .text.SX1272_SetAntenna
                0x08002e50       0x8e ./Core/Src/sx1272.o
 .text.SX1272_WriteReg
                0x08002ede       0x4e ./Core/Src/sx1272.o
                0x08002ede                SX1272_WriteReg
 .text.SX1272_ReadReg
                0x08002f2c       0x52 ./Core/Src/sx1272.o
                0x08002f2c                SX1272_ReadReg
 .text.SX1272_WriteBuffer
                0x08002f7e       0x56 ./Core/Src/sx1272.o
                0x08002f7e                SX1272_WriteBuffer
 .text.SX1272_ReadBuffer
                0x08002fd4       0x56 ./Core/Src/sx1272.o
                0x08002fd4                SX1272_ReadBuffer
 .text.SX1272_Init
                0x0800302a       0xc0 ./Core/Src/sx1272.o
                0x0800302a                SX1272_Init
 .text.SX1272_ConfigAntennaSwitch
                0x080030ea       0x34 ./Core/Src/sx1272.o
                0x080030ea                SX1272_ConfigAntennaSwitch
 *fill*         0x0800311e        0x2 
 .text.SX1272_Setup
                0x08003120       0xfc ./Core/Src/sx1272.o
                0x08003120                SX1272_Setup
 .text.SX1272_Transmit
                0x0800321c       0x72 ./Core/Src/sx1272.o
                0x0800321c                SX1272_Transmit
 .text.SX1272_Receive
                0x0800328e       0x5e ./Core/Src/sx1272.o
                0x0800328e                SX1272_Receive
 .text.SX1272_HandleDIO0
                0x080032ec       0xf4 ./Core/Src/sx1272.o
                0x080032ec                SX1272_HandleDIO0
 .text._sbrk    0x080033e0       0x6c ./Core/Src/sysmem.o
                0x080033e0                _sbrk
 .text.SystemInit
                0x0800344c       0x24 ./Core/Src/system_stm32g4xx.o
                0x0800344c                SystemInit
 .text.TransmitPacket
                0x08003470       0x7c ./Core/Src/test.o
 .text.ResetCounters
                0x080034ec       0x74 ./Core/Src/test.o
 .text.Test_Init
                0x08003560       0x58 ./Core/Src/test.o
                0x08003560                Test_Init
 .text.Test_SetCustomPayload
                0x080035b8       0x80 ./Core/Src/test.o
                0x080035b8                Test_SetCustomPayload
 .text.Test_Start
                0x08003638       0xa4 ./Core/Src/test.o
                0x08003638                Test_Start
 .text.PrintResults
                0x080036dc      0x160 ./Core/Src/test.o
 .text.Test_Process
                0x0800383c      0x22c ./Core/Src/test.o
                0x0800383c                Test_Process
 .text.Test_HandleReceive
                0x08003a68      0x270 ./Core/Src/test.o
                0x08003a68                Test_HandleReceive
 .text.Reset_Handler
                0x08003cd8       0x50 ./Core/Startup/startup_stm32g431rbtx.o
                0x08003cd8                Reset_Handler
 .text.Default_Handler
                0x08003d28        0x2 ./Core/Startup/startup_stm32g431rbtx.o
                0x08003d28                RTC_Alarm_IRQHandler
                0x08003d28                EXTI2_IRQHandler
                0x08003d28                TIM8_TRG_COM_IRQHandler
                0x08003d28                TIM8_CC_IRQHandler
                0x08003d28                TIM1_CC_IRQHandler
                0x08003d28                USB_HP_IRQHandler
                0x08003d28                CORDIC_IRQHandler
                0x08003d28                I2C3_ER_IRQHandler
                0x08003d28                EXTI0_IRQHandler
                0x08003d28                I2C2_EV_IRQHandler
                0x08003d28                FPU_IRQHandler
                0x08003d28                FDCAN1_IT1_IRQHandler
                0x08003d28                TIM1_UP_TIM16_IRQHandler
                0x08003d28                ADC1_2_IRQHandler
                0x08003d28                TIM6_DAC_IRQHandler
                0x08003d28                TIM8_UP_IRQHandler
                0x08003d28                DMA2_Channel2_IRQHandler
                0x08003d28                DMA1_Channel4_IRQHandler
                0x08003d28                USART3_IRQHandler
                0x08003d28                TIM4_IRQHandler
                0x08003d28                DMA2_Channel1_IRQHandler
                0x08003d28                I2C1_EV_IRQHandler
                0x08003d28                DMA1_Channel6_IRQHandler
                0x08003d28                UART4_IRQHandler
                0x08003d28                DMA2_Channel4_IRQHandler
                0x08003d28                TIM3_IRQHandler
                0x08003d28                RCC_IRQHandler
                0x08003d28                DMA1_Channel1_IRQHandler
                0x08003d28                Default_Handler
                0x08003d28                RTC_TAMP_LSECSS_IRQHandler
                0x08003d28                FMAC_IRQHandler
                0x08003d28                EXTI15_10_IRQHandler
                0x08003d28                TIM7_IRQHandler
                0x08003d28                UCPD1_IRQHandler
                0x08003d28                I2C3_EV_IRQHandler
                0x08003d28                EXTI9_5_IRQHandler
                0x08003d28                RTC_WKUP_IRQHandler
                0x08003d28                PVD_PVM_IRQHandler
                0x08003d28                SPI2_IRQHandler
                0x08003d28                DMA2_Channel5_IRQHandler
                0x08003d28                CRS_IRQHandler
                0x08003d28                DMA1_Channel5_IRQHandler
                0x08003d28                USB_LP_IRQHandler
                0x08003d28                EXTI4_IRQHandler
                0x08003d28                RNG_IRQHandler
                0x08003d28                TIM1_TRG_COM_TIM17_IRQHandler
                0x08003d28                DMA1_Channel3_IRQHandler
                0x08003d28                WWDG_IRQHandler
                0x08003d28                LPUART1_IRQHandler
                0x08003d28                DMA2_Channel6_IRQHandler
                0x08003d28                FDCAN1_IT0_IRQHandler
                0x08003d28                TIM2_IRQHandler
                0x08003d28                COMP1_2_3_IRQHandler
                0x08003d28                USART2_IRQHandler
                0x08003d28                I2C2_ER_IRQHandler
                0x08003d28                DMA1_Channel2_IRQHandler
                0x08003d28                TIM8_BRK_IRQHandler
                0x08003d28                FLASH_IRQHandler
                0x08003d28                USART1_IRQHandler
                0x08003d28                SPI3_IRQHandler
                0x08003d28                I2C1_ER_IRQHandler
                0x08003d28                LPTIM1_IRQHandler
                0x08003d28                DMAMUX_OVR_IRQHandler
                0x08003d28                USBWakeUp_IRQHandler
                0x08003d28                SAI1_IRQHandler
                0x08003d28                DMA2_Channel3_IRQHandler
                0x08003d28                COMP4_IRQHandler
                0x08003d28                TIM1_BRK_TIM15_IRQHandler
 .text.HAL_Init
                0x08003d2a       0x30 ./Drivers/STM32G4xx_HAL_Driver/Src/stm32g4xx_hal.o
                0x08003d2a                HAL_Init
 *fill*         0x08003d5a        0x2 
 .text.HAL_InitTick
                0x08003d5c       0x74 ./Drivers/STM32G4xx_HAL_Driver/Src/stm32g4xx_hal.o
                0x08003d5c                HAL_InitTick
 .text.HAL_IncTick
                0x08003dd0       0x24 ./Drivers/STM32G4xx_HAL_Driver/Src/stm32g4xx_hal.o
                0x08003dd0                HAL_IncTick
 .text.HAL_GetTick
                0x08003df4       0x18 ./Drivers/STM32G4xx_HAL_Driver/Src/stm32g4xx_hal.o
                0x08003df4                HAL_GetTick
 .text.HAL_Delay
                0x08003e0c       0x44 ./Drivers/STM32G4xx_HAL_Driver/Src/stm32g4xx_hal.o
                0x08003e0c                HAL_Delay
 .text.__NVIC_SetPriorityGrouping
                0x08003e50       0x48 ./Drivers/STM32G4xx_HAL_Driver/Src/stm32g4xx_hal_cortex.o
 .text.__NVIC_GetPriorityGrouping
                0x08003e98       0x1c ./Drivers/STM32G4xx_HAL_Driver/Src/stm32g4xx_hal_cortex.o
 .text.__NVIC_EnableIRQ
                0x08003eb4       0x3c ./Drivers/STM32G4xx_HAL_Driver/Src/stm32g4xx_hal_cortex.o
 .text.__NVIC_SetPriority
                0x08003ef0       0x54 ./Drivers/STM32G4xx_HAL_Driver/Src/stm32g4xx_hal_cortex.o
 .text.NVIC_EncodePriority
                0x08003f44       0x66 ./Drivers/STM32G4xx_HAL_Driver/Src/stm32g4xx_hal_cortex.o
 *fill*         0x08003faa        0x2 
 .text.SysTick_Config
                0x08003fac       0x44 ./Drivers/STM32G4xx_HAL_Driver/Src/stm32g4xx_hal_cortex.o
 .text.HAL_NVIC_SetPriorityGrouping
                0x08003ff0       0x16 ./Drivers/STM32G4xx_HAL_Driver/Src/stm32g4xx_hal_cortex.o
                0x08003ff0                HAL_NVIC_SetPriorityGrouping
 .text.HAL_NVIC_SetPriority
                0x08004006       0x34 ./Drivers/STM32G4xx_HAL_Driver/Src/stm32g4xx_hal_cortex.o
                0x08004006                HAL_NVIC_SetPriority
 .text.HAL_NVIC_EnableIRQ
                0x0800403a       0x1c ./Drivers/STM32G4xx_HAL_Driver/Src/stm32g4xx_hal_cortex.o
                0x0800403a                HAL_NVIC_EnableIRQ
 .text.HAL_SYSTICK_Config
                0x08004056       0x18 ./Drivers/STM32G4xx_HAL_Driver/Src/stm32g4xx_hal_cortex.o
                0x08004056                HAL_SYSTICK_Config
 *fill*         0x0800406e        0x2 
 .text.HAL_CRC_Init
                0x08004070       0xc8 ./Drivers/STM32G4xx_HAL_Driver/Src/stm32g4xx_hal_crc.o
                0x08004070                HAL_CRC_Init
 .text.HAL_CRCEx_Polynomial_Set
                0x08004138      0x11c ./Drivers/STM32G4xx_HAL_Driver/Src/stm32g4xx_hal_crc_ex.o
                0x08004138                HAL_CRCEx_Polynomial_Set
 .text.HAL_DMA_Abort_IT
                0x08004254       0xce ./Drivers/STM32G4xx_HAL_Driver/Src/stm32g4xx_hal_dma.o
                0x08004254                HAL_DMA_Abort_IT
 *fill*         0x08004322        0x2 
 .text.HAL_GPIO_Init
                0x08004324      0x304 ./Drivers/STM32G4xx_HAL_Driver/Src/stm32g4xx_hal_gpio.o
                0x08004324                HAL_GPIO_Init
 .text.HAL_GPIO_WritePin
                0x08004628       0x30 ./Drivers/STM32G4xx_HAL_Driver/Src/stm32g4xx_hal_gpio.o
                0x08004628                HAL_GPIO_WritePin
 .text.HAL_GPIO_TogglePin
                0x08004658       0x34 ./Drivers/STM32G4xx_HAL_Driver/Src/stm32g4xx_hal_gpio.o
                0x08004658                HAL_GPIO_TogglePin
 .text.HAL_GPIO_EXTI_IRQHandler
                0x0800468c       0x30 ./Drivers/STM32G4xx_HAL_Driver/Src/stm32g4xx_hal_gpio.o
                0x0800468c                HAL_GPIO_EXTI_IRQHandler
 .text.HAL_PWREx_ControlVoltageScaling
                0x080046bc      0x148 ./Drivers/STM32G4xx_HAL_Driver/Src/stm32g4xx_hal_pwr_ex.o
                0x080046bc                HAL_PWREx_ControlVoltageScaling
 .text.HAL_PWREx_DisableUCPDDeadBattery
                0x08004804       0x20 ./Drivers/STM32G4xx_HAL_Driver/Src/stm32g4xx_hal_pwr_ex.o
                0x08004804                HAL_PWREx_DisableUCPDDeadBattery
 .text.HAL_RCC_OscConfig
                0x08004824      0x624 ./Drivers/STM32G4xx_HAL_Driver/Src/stm32g4xx_hal_rcc.o
                0x08004824                HAL_RCC_OscConfig
 .text.HAL_RCC_ClockConfig
                0x08004e48      0x278 ./Drivers/STM32G4xx_HAL_Driver/Src/stm32g4xx_hal_rcc.o
                0x08004e48                HAL_RCC_ClockConfig
 .text.HAL_RCC_GetSysClockFreq
                0x080050c0       0xc4 ./Drivers/STM32G4xx_HAL_Driver/Src/stm32g4xx_hal_rcc.o
                0x080050c0                HAL_RCC_GetSysClockFreq
 .text.HAL_RCC_GetHCLKFreq
                0x08005184       0x18 ./Drivers/STM32G4xx_HAL_Driver/Src/stm32g4xx_hal_rcc.o
                0x08005184                HAL_RCC_GetHCLKFreq
 .text.HAL_RCC_GetPCLK1Freq
                0x0800519c       0x2c ./Drivers/STM32G4xx_HAL_Driver/Src/stm32g4xx_hal_rcc.o
                0x0800519c                HAL_RCC_GetPCLK1Freq
 .text.HAL_RCC_GetPCLK2Freq
                0x080051c8       0x2c ./Drivers/STM32G4xx_HAL_Driver/Src/stm32g4xx_hal_rcc.o
                0x080051c8                HAL_RCC_GetPCLK2Freq
 .text.RCC_GetSysClockFreqFromPLLSource
                0x080051f4       0x8c ./Drivers/STM32G4xx_HAL_Driver/Src/stm32g4xx_hal_rcc.o
 .text.HAL_RCCEx_PeriphCLKConfig
                0x08005280      0x3e0 ./Drivers/STM32G4xx_HAL_Driver/Src/stm32g4xx_hal_rcc_ex.o
                0x08005280                HAL_RCCEx_PeriphCLKConfig
 .text.HAL_SPI_Init
                0x08005660      0x156 ./Drivers/STM32G4xx_HAL_Driver/Src/stm32g4xx_hal_spi.o
                0x08005660                HAL_SPI_Init
 .text.HAL_SPI_Transmit
                0x080057b6      0x2ec ./Drivers/STM32G4xx_HAL_Driver/Src/stm32g4xx_hal_spi.o
                0x080057b6                HAL_SPI_Transmit
 .text.HAL_SPI_Receive
                0x08005aa2      0x270 ./Drivers/STM32G4xx_HAL_Driver/Src/stm32g4xx_hal_spi.o
                0x08005aa2                HAL_SPI_Receive
 .text.HAL_SPI_TransmitReceive
                0x08005d12      0x43e ./Drivers/STM32G4xx_HAL_Driver/Src/stm32g4xx_hal_spi.o
                0x08005d12                HAL_SPI_TransmitReceive
 .text.HAL_SPI_IRQHandler
                0x08006150      0x200 ./Drivers/STM32G4xx_HAL_Driver/Src/stm32g4xx_hal_spi.o
                0x08006150                HAL_SPI_IRQHandler
 .text.HAL_SPI_ErrorCallback
                0x08006350       0x14 ./Drivers/STM32G4xx_HAL_Driver/Src/stm32g4xx_hal_spi.o
                0x08006350                HAL_SPI_ErrorCallback
 .text.SPI_DMAAbortOnError
                0x08006364       0x2a ./Drivers/STM32G4xx_HAL_Driver/Src/stm32g4xx_hal_spi.o
 *fill*         0x0800638e        0x2 
 .text.SPI_WaitFlagStateUntilTimeout
                0x08006390      0x110 ./Drivers/STM32G4xx_HAL_Driver/Src/stm32g4xx_hal_spi.o
 .text.SPI_WaitFifoStateUntilTimeout
                0x080064a0      0x12c ./Drivers/STM32G4xx_HAL_Driver/Src/stm32g4xx_hal_spi.o
 .text.SPI_EndRxTransaction
                0x080065cc       0xb0 ./Drivers/STM32G4xx_HAL_Driver/Src/stm32g4xx_hal_spi.o
 .text.SPI_EndRxTxTransaction
                0x0800667c       0x8c ./Drivers/STM32G4xx_HAL_Driver/Src/stm32g4xx_hal_spi.o
 .text.HAL_TIM_Base_Init
                0x08006708       0xae ./Drivers/STM32G4xx_HAL_Driver/Src/stm32g4xx_hal_tim.o
                0x08006708                HAL_TIM_Base_Init
 *fill*         0x080067b6        0x2 
 .text.HAL_TIM_Base_Start
                0x080067b8       0xc4 ./Drivers/STM32G4xx_HAL_Driver/Src/stm32g4xx_hal_tim.o
                0x080067b8                HAL_TIM_Base_Start
 .text.HAL_TIM_ConfigClockSource
                0x0800687c      0x1f4 ./Drivers/STM32G4xx_HAL_Driver/Src/stm32g4xx_hal_tim.o
                0x0800687c                HAL_TIM_ConfigClockSource
 .text.TIM_Base_SetConfig
                0x08006a70      0x138 ./Drivers/STM32G4xx_HAL_Driver/Src/stm32g4xx_hal_tim.o
                0x08006a70                TIM_Base_SetConfig
 .text.TIM_TI1_ConfigInputStage
                0x08006ba8       0x5e ./Drivers/STM32G4xx_HAL_Driver/Src/stm32g4xx_hal_tim.o
 .text.TIM_TI2_ConfigInputStage
                0x08006c06       0x60 ./Drivers/STM32G4xx_HAL_Driver/Src/stm32g4xx_hal_tim.o
 .text.TIM_ITRx_SetConfig
                0x08006c66       0x3a ./Drivers/STM32G4xx_HAL_Driver/Src/stm32g4xx_hal_tim.o
 .text.TIM_ETR_SetConfig
                0x08006ca0       0x40 ./Drivers/STM32G4xx_HAL_Driver/Src/stm32g4xx_hal_tim.o
                0x08006ca0                TIM_ETR_SetConfig
 .text.HAL_TIMEx_MasterConfigSynchronization
                0x08006ce0      0x104 ./Drivers/STM32G4xx_HAL_Driver/Src/stm32g4xx_hal_tim_ex.o
                0x08006ce0                HAL_TIMEx_MasterConfigSynchronization
 .text.HAL_UART_Init
                0x08006de4       0xa0 ./Drivers/STM32G4xx_HAL_Driver/Src/stm32g4xx_hal_uart.o
                0x08006de4                HAL_UART_Init
 .text.HAL_UART_Transmit
                0x08006e84      0x11c ./Drivers/STM32G4xx_HAL_Driver/Src/stm32g4xx_hal_uart.o
                0x08006e84                HAL_UART_Transmit
 .text.UART_SetConfig
                0x08006fa0      0x598 ./Drivers/STM32G4xx_HAL_Driver/Src/stm32g4xx_hal_uart.o
                0x08006fa0                UART_SetConfig
 .text.UART_AdvFeatureConfig
                0x08007538      0x144 ./Drivers/STM32G4xx_HAL_Driver/Src/stm32g4xx_hal_uart.o
                0x08007538                UART_AdvFeatureConfig
 .text.UART_CheckIdleState
                0x0800767c      0x154 ./Drivers/STM32G4xx_HAL_Driver/Src/stm32g4xx_hal_uart.o
                0x0800767c                UART_CheckIdleState
 .text.UART_WaitOnFlagUntilTimeout
                0x080077d0       0xda ./Drivers/STM32G4xx_HAL_Driver/Src/stm32g4xx_hal_uart.o
                0x080077d0                UART_WaitOnFlagUntilTimeout
 .text.UART_EndRxTransfer
                0x080078aa       0xcc ./Drivers/STM32G4xx_HAL_Driver/Src/stm32g4xx_hal_uart.o
 .text.HAL_UARTEx_DisableFifoMode
                0x08007976       0x72 ./Drivers/STM32G4xx_HAL_Driver/Src/stm32g4xx_hal_uart_ex.o
                0x08007976                HAL_UARTEx_DisableFifoMode
 .text.HAL_UARTEx_SetTxFifoThreshold
                0x080079e8       0x7c ./Drivers/STM32G4xx_HAL_Driver/Src/stm32g4xx_hal_uart_ex.o
                0x080079e8                HAL_UARTEx_SetTxFifoThreshold
 .text.HAL_UARTEx_SetRxFifoThreshold
                0x08007a64       0x7c ./Drivers/STM32G4xx_HAL_Driver/Src/stm32g4xx_hal_uart_ex.o
                0x08007a64                HAL_UARTEx_SetRxFifoThreshold
 .text.UARTEx_SetNbDataToProcess
                0x08007ae0       0x9c ./Drivers/STM32G4xx_HAL_Driver/Src/stm32g4xx_hal_uart_ex.o
 .text.sprintf  0x08007b7c       0x44 C:/ST/STM32CubeIDE_1.19.0/STM32CubeIDE/plugins/com.st.stm32cube.ide.mcu.externaltools.gnu-tools-for-stm32.13.3.rel1.win32_1.0.0.202411081344/tools/bin/../lib/gcc/arm-none-eabi/13.3.1/../../../../arm-none-eabi/lib/thumb/v7e-m+fp/hard\libc_nano.a(libc_a-sprintf.o)
                0x08007b7c                siprintf
                0x08007b7c                sprintf
 .text.memset   0x08007bc0       0x10 C:/ST/STM32CubeIDE_1.19.0/STM32CubeIDE/plugins/com.st.stm32cube.ide.mcu.externaltools.gnu-tools-for-stm32.13.3.rel1.win32_1.0.0.202411081344/tools/bin/../lib/gcc/arm-none-eabi/13.3.1/../../../../arm-none-eabi/lib/thumb/v7e-m+fp/hard\libc_nano.a(libc_a-memset.o)
                0x08007bc0                memset
 .text.__errno  0x08007bd0        0xc C:/ST/STM32CubeIDE_1.19.0/STM32CubeIDE/plugins/com.st.stm32cube.ide.mcu.externaltools.gnu-tools-for-stm32.13.3.rel1.win32_1.0.0.202411081344/tools/bin/../lib/gcc/arm-none-eabi/13.3.1/../../../../arm-none-eabi/lib/thumb/v7e-m+fp/hard\libc_nano.a(libc_a-errno.o)
                0x08007bd0                __errno
 .text.__libc_init_array
                0x08007bdc       0x48 C:/ST/STM32CubeIDE_1.19.0/STM32CubeIDE/plugins/com.st.stm32cube.ide.mcu.externaltools.gnu-tools-for-stm32.13.3.rel1.win32_1.0.0.202411081344/tools/bin/../lib/gcc/arm-none-eabi/13.3.1/../../../../arm-none-eabi/lib/thumb/v7e-m+fp/hard\libc_nano.a(libc_a-init.o)
                0x08007bdc                __libc_init_array
 .text.__retarget_lock_acquire_recursive
                0x08007c24        0x2 C:/ST/STM32CubeIDE_1.19.0/STM32CubeIDE/plugins/com.st.stm32cube.ide.mcu.externaltools.gnu-tools-for-stm32.13.3.rel1.win32_1.0.0.202411081344/tools/bin/../lib/gcc/arm-none-eabi/13.3.1/../../../../arm-none-eabi/lib/thumb/v7e-m+fp/hard\libc_nano.a(libc_a-lock.o)
                0x08007c24                __retarget_lock_acquire_recursive
 .text.__retarget_lock_release_recursive
                0x08007c26        0x2 C:/ST/STM32CubeIDE_1.19.0/STM32CubeIDE/plugins/com.st.stm32cube.ide.mcu.externaltools.gnu-tools-for-stm32.13.3.rel1.win32_1.0.0.202411081344/tools/bin/../lib/gcc/arm-none-eabi/13.3.1/../../../../arm-none-eabi/lib/thumb/v7e-m+fp/hard\libc_nano.a(libc_a-lock.o)
                0x08007c26                __retarget_lock_release_recursive
 .text.__aeabi_memclr
                0x08007c28        0x6 C:/ST/STM32CubeIDE_1.19.0/STM32CubeIDE/plugins/com.st.stm32cube.ide.mcu.externaltools.gnu-tools-for-stm32.13.3.rel1.win32_1.0.0.202411081344/tools/bin/../lib/gcc/arm-none-eabi/13.3.1/../../../../arm-none-eabi/lib/thumb/v7e-m+fp/hard\libc_nano.a(libc_a-aeabi_memclr.o)
                0x08007c28                __aeabi_memclr
                0x08007c28                __aeabi_memclr4
                0x08007c28                __aeabi_memclr8
 .text.memcpy   0x08007c2e       0x1c C:/ST/STM32CubeIDE_1.19.0/STM32CubeIDE/plugins/com.st.stm32cube.ide.mcu.externaltools.gnu-tools-for-stm32.13.3.rel1.win32_1.0.0.202411081344/tools/bin/../lib/gcc/arm-none-eabi/13.3.1/../../../../arm-none-eabi/lib/thumb/v7e-m+fp/hard\libc_nano.a(libc_a-memcpy-stub.o)
                0x08007c2e                memcpy
 *fill*         0x08007c4a        0x2 
 .text._free_r  0x08007c4c       0x94 C:/ST/STM32CubeIDE_1.19.0/STM32CubeIDE/plugins/com.st.stm32cube.ide.mcu.externaltools.gnu-tools-for-stm32.13.3.rel1.win32_1.0.0.202411081344/tools/bin/../lib/gcc/arm-none-eabi/13.3.1/../../../../arm-none-eabi/lib/thumb/v7e-m+fp/hard\libc_nano.a(libc_a-freer.o)
                0x08007c4c                _free_r
 .text.sbrk_aligned
                0x08007ce0       0x44 C:/ST/STM32CubeIDE_1.19.0/STM32CubeIDE/plugins/com.st.stm32cube.ide.mcu.externaltools.gnu-tools-for-stm32.13.3.rel1.win32_1.0.0.202411081344/tools/bin/../lib/gcc/arm-none-eabi/13.3.1/../../../../arm-none-eabi/lib/thumb/v7e-m+fp/hard\libc_nano.a(libc_a-mallocr.o)
 .text._malloc_r
                0x08007d24      0x100 C:/ST/STM32CubeIDE_1.19.0/STM32CubeIDE/plugins/com.st.stm32cube.ide.mcu.externaltools.gnu-tools-for-stm32.13.3.rel1.win32_1.0.0.202411081344/tools/bin/../lib/gcc/arm-none-eabi/13.3.1/../../../../arm-none-eabi/lib/thumb/v7e-m+fp/hard\libc_nano.a(libc_a-mallocr.o)
                0x08007d24                _malloc_r
 .text.__malloc_lock
                0x08007e24        0xc C:/ST/STM32CubeIDE_1.19.0/STM32CubeIDE/plugins/com.st.stm32cube.ide.mcu.externaltools.gnu-tools-for-stm32.13.3.rel1.win32_1.0.0.202411081344/tools/bin/../lib/gcc/arm-none-eabi/13.3.1/../../../../arm-none-eabi/lib/thumb/v7e-m+fp/hard\libc_nano.a(libc_a-mlock.o)
                0x08007e24                __malloc_lock
 .text.__malloc_unlock
                0x08007e30        0xc C:/ST/STM32CubeIDE_1.19.0/STM32CubeIDE/plugins/com.st.stm32cube.ide.mcu.externaltools.gnu-tools-for-stm32.13.3.rel1.win32_1.0.0.202411081344/tools/bin/../lib/gcc/arm-none-eabi/13.3.1/../../../../arm-none-eabi/lib/thumb/v7e-m+fp/hard\libc_nano.a(libc_a-mlock.o)
                0x08007e30                __malloc_unlock
 .text.__ssputs_r
                0x08007e3c       0xb6 C:/ST/STM32CubeIDE_1.19.0/STM32CubeIDE/plugins/com.st.stm32cube.ide.mcu.externaltools.gnu-tools-for-stm32.13.3.rel1.win32_1.0.0.202411081344/tools/bin/../lib/gcc/arm-none-eabi/13.3.1/../../../../arm-none-eabi/lib/thumb/v7e-m+fp/hard\libc_nano.a(libc_a-nano-svfprintf.o)
                0x08007e3c                __ssputs_r
 *fill*         0x08007ef2        0x2 
 .text._svfprintf_r
                0x08007ef4      0x1f8 C:/ST/STM32CubeIDE_1.19.0/STM32CubeIDE/plugins/com.st.stm32cube.ide.mcu.externaltools.gnu-tools-for-stm32.13.3.rel1.win32_1.0.0.202411081344/tools/bin/../lib/gcc/arm-none-eabi/13.3.1/../../../../arm-none-eabi/lib/thumb/v7e-m+fp/hard\libc_nano.a(libc_a-nano-svfprintf.o)
                0x08007ef4                _svfiprintf_r
                0x08007ef4                _svfprintf_r
 .text._printf_common
                0x080080ec       0xda C:/ST/STM32CubeIDE_1.19.0/STM32CubeIDE/plugins/com.st.stm32cube.ide.mcu.externaltools.gnu-tools-for-stm32.13.3.rel1.win32_1.0.0.202411081344/tools/bin/../lib/gcc/arm-none-eabi/13.3.1/../../../../arm-none-eabi/lib/thumb/v7e-m+fp/hard\libc_nano.a(libc_a-nano-vfprintf_i.o)
                0x080080ec                _printf_common
 *fill*         0x080081c6        0x2 
 .text._printf_i
                0x080081c8      0x23c C:/ST/STM32CubeIDE_1.19.0/STM32CubeIDE/plugins/com.st.stm32cube.ide.mcu.externaltools.gnu-tools-for-stm32.13.3.rel1.win32_1.0.0.202411081344/tools/bin/../lib/gcc/arm-none-eabi/13.3.1/../../../../arm-none-eabi/lib/thumb/v7e-m+fp/hard\libc_nano.a(libc_a-nano-vfprintf_i.o)
                0x080081c8                _printf_i
 .text.memmove  0x08008404       0x34 C:/ST/STM32CubeIDE_1.19.0/STM32CubeIDE/plugins/com.st.stm32cube.ide.mcu.externaltools.gnu-tools-for-stm32.13.3.rel1.win32_1.0.0.202411081344/tools/bin/../lib/gcc/arm-none-eabi/13.3.1/../../../../arm-none-eabi/lib/thumb/v7e-m+fp/hard\libc_nano.a(libc_a-memmove.o)
                0x08008404                memmove
 .text._sbrk_r  0x08008438       0x20 C:/ST/STM32CubeIDE_1.19.0/STM32CubeIDE/plugins/com.st.stm32cube.ide.mcu.externaltools.gnu-tools-for-stm32.13.3.rel1.win32_1.0.0.202411081344/tools/bin/../lib/gcc/arm-none-eabi/13.3.1/../../../../arm-none-eabi/lib/thumb/v7e-m+fp/hard\libc_nano.a(libc_a-sbrkr.o)
                0x08008438                _sbrk_r
 .text._realloc_r
                0x08008458       0x5c C:/ST/STM32CubeIDE_1.19.0/STM32CubeIDE/plugins/com.st.stm32cube.ide.mcu.externaltools.gnu-tools-for-stm32.13.3.rel1.win32_1.0.0.202411081344/tools/bin/../lib/gcc/arm-none-eabi/13.3.1/../../../../arm-none-eabi/lib/thumb/v7e-m+fp/hard\libc_nano.a(libc_a-reallocr.o)
                0x08008458                _realloc_r
 .text._malloc_usable_size_r
                0x080084b4       0x10 C:/ST/STM32CubeIDE_1.19.0/STM32CubeIDE/plugins/com.st.stm32cube.ide.mcu.externaltools.gnu-tools-for-stm32.13.3.rel1.win32_1.0.0.202411081344/tools/bin/../lib/gcc/arm-none-eabi/13.3.1/../../../../arm-none-eabi/lib/thumb/v7e-m+fp/hard\libc_nano.a(libc_a-msizer.o)
                0x080084b4                _malloc_usable_size_r
 *(.glue_7)
 .glue_7        0x080084c4        0x0 linker stubs
 *(.glue_7t)
 .glue_7t       0x080084c4        0x0 linker stubs
 *(.eh_frame)
 .eh_frame      0x080084c4        0x0 C:/ST/STM32CubeIDE_1.19.0/STM32CubeIDE/plugins/com.st.stm32cube.ide.mcu.externaltools.gnu-tools-for-stm32.13.3.rel1.win32_1.0.0.202411081344/tools/bin/../lib/gcc/arm-none-eabi/13.3.1/thumb/v7e-m+fp/hard/crtbegin.o
 *(.init)
 .init          0x080084c4        0x4 C:/ST/STM32CubeIDE_1.19.0/STM32CubeIDE/plugins/com.st.stm32cube.ide.mcu.externaltools.gnu-tools-for-stm32.13.3.rel1.win32_1.0.0.202411081344/tools/bin/../lib/gcc/arm-none-eabi/13.3.1/thumb/v7e-m+fp/hard/crti.o
                0x080084c4                _init
 .init          0x080084c8        0x8 C:/ST/STM32CubeIDE_1.19.0/STM32CubeIDE/plugins/com.st.stm32cube.ide.mcu.externaltools.gnu-tools-for-stm32.13.3.rel1.win32_1.0.0.202411081344/tools/bin/../lib/gcc/arm-none-eabi/13.3.1/thumb/v7e-m+fp/hard/crtn.o
 *(.fini)
 .fini          0x080084d0        0x4 C:/ST/STM32CubeIDE_1.19.0/STM32CubeIDE/plugins/com.st.stm32cube.ide.mcu.externaltools.gnu-tools-for-stm32.13.3.rel1.win32_1.0.0.202411081344/tools/bin/../lib/gcc/arm-none-eabi/13.3.1/thumb/v7e-m+fp/hard/crti.o
                0x080084d0                _fini
 .fini          0x080084d4        0x8 C:/ST/STM32CubeIDE_1.19.0/STM32CubeIDE/plugins/com.st.stm32cube.ide.mcu.externaltools.gnu-tools-for-stm32.13.3.rel1.win32_1.0.0.202411081344/tools/bin/../lib/gcc/arm-none-eabi/13.3.1/thumb/v7e-m+fp/hard/crtn.o
                0x080084dc                        . = ALIGN (0x4)
                0x080084dc                        _etext = .

.vfp11_veneer   0x080084dc        0x0
 .vfp11_veneer  0x080084dc        0x0 linker stubs

.v4_bx          0x080084dc        0x0
 .v4_bx         0x080084dc        0x0 linker stubs

.iplt           0x080084dc        0x0
 .iplt          0x080084dc        0x0 C:/ST/STM32CubeIDE_1.19.0/STM32CubeIDE/plugins/com.st.stm32cube.ide.mcu.externaltools.gnu-tools-for-stm32.13.3.rel1.win32_1.0.0.202411081344/tools/bin/../lib/gcc/arm-none-eabi/13.3.1/thumb/v7e-m+fp/hard/crtbegin.o

.rodata         0x080084dc      0x5a0
                0x080084dc                        . = ALIGN (0x4)
 *(.rodata)
 .rodata        0x080084dc        0x6 ./Core/Src/main.o
 *fill*         0x080084e2        0x2 
 .rodata        0x080084e4      0x227 ./Core/Src/test.o
 *fill*         0x0800870b        0x1 
 .rodata        0x0800870c        0x8 C:\Users\leonu\Documents\lora_encryption\Middlewares\STM32_Cryptographic\lib\libSTM32Cryptographic_CM4.a(cmox_gcm_fast_aesfast_decrypt.c.o)
 .rodata        0x08008714        0x4 C:\Users\leonu\Documents\lora_encryption\Middlewares\STM32_Cryptographic\lib\libSTM32Cryptographic_CM4.a(cmox_gcm_fast_aesfast_decrypt.c.o)
                0x08008714                CMOX_AESFAST_GCMFAST_DEC_ALGO
 .rodata        0x08008718        0x8 C:\Users\leonu\Documents\lora_encryption\Middlewares\STM32_Cryptographic\lib\libSTM32Cryptographic_CM4.a(cmox_gcm_fast_aesfast_encrypt.c.o)
 .rodata        0x08008720        0x4 C:\Users\leonu\Documents\lora_encryption\Middlewares\STM32_Cryptographic\lib\libSTM32Cryptographic_CM4.a(cmox_gcm_fast_aesfast_encrypt.c.o)
                0x08008720                CMOX_AESFAST_GCMFAST_ENC_ALGO
 .rodata        0x08008724      0x200 C:\Users\leonu\Documents\lora_encryption\Middlewares\STM32_Cryptographic\lib\libSTM32Cryptographic_CM4.a(cmox_gcm_fast_common.c.o)
 .rodata        0x08008924        0x4 C:\Users\leonu\Documents\lora_encryption\Middlewares\STM32_Cryptographic\lib\libSTM32Cryptographic_CM4.a(cmox_gcm_fast_common.c.o)
 .rodata        0x08008928        0x4 C:\Users\leonu\Documents\lora_encryption\Middlewares\STM32_Cryptographic\lib\libSTM32Cryptographic_CM4.a(cmox_gcm_fast_common.c.o)
                0x08008928                CMOX_GFMULFAST
 .rodata        0x0800892c       0x2c C:\Users\leonu\Documents\lora_encryption\Middlewares\STM32_Cryptographic\lib\libSTM32Cryptographic_CM4.a(cmox_gcm_fast_decrypt.c.o)
 .rodata        0x08008958       0x2c C:\Users\leonu\Documents\lora_encryption\Middlewares\STM32_Cryptographic\lib\libSTM32Cryptographic_CM4.a(cmox_gcm_fast_encrypt.c.o)
 .rodata        0x08008984        0x8 C:\Users\leonu\Documents\lora_encryption\Middlewares\STM32_Cryptographic\lib\libSTM32Cryptographic_CM4.a(cmox_init.c.o)
                0x08008984                cmox_table
 .rodata        0x0800898c        0x8 C:\Users\leonu\Documents\lora_encryption\Middlewares\STM32_Cryptographic\lib\libSTM32Cryptographic_CM4.a(cmox_aesfast_encrypt.c.o)
 .rodata        0x08008994        0x4 C:\Users\leonu\Documents\lora_encryption\Middlewares\STM32_Cryptographic\lib\libSTM32Cryptographic_CM4.a(cmox_aesfast_encrypt.c.o)
                0x08008994                CMOX_AESFAST_ENCRYPT_VTABLE
 .rodata        0x08008998        0xc C:\Users\leonu\Documents\lora_encryption\Middlewares\STM32_Cryptographic\lib\libSTM32Cryptographic_CM4.a(cmox_utils_compare.c.o)
 .rodata        0x080089a4        0x4 C:\Users\leonu\Documents\lora_encryption\Middlewares\STM32_Cryptographic\lib\libSTM32Cryptographic_CM4.a(cmox_utils_compare.c.o)
                0x080089a4                cmox_utils_robustCmp_bt_bw_be
 .rodata        0x080089a8       0x28 C:\Users\leonu\Documents\lora_encryption\Middlewares\STM32_Cryptographic\lib\libSTM32Cryptographic_CM4.a(cmox_aes_common.c.o)
 *(.rodata*)
 .rodata.aes_key
                0x080089d0       0x10 ./Core/Src/crypto_wrapper.o
 .rodata.AHBPrescTable
                0x080089e0       0x10 ./Core/Src/system_stm32g4xx.o
                0x080089e0                AHBPrescTable
 .rodata.APBPrescTable
                0x080089f0        0x8 ./Core/Src/system_stm32g4xx.o
                0x080089f0                APBPrescTable
 .rodata.default_payload_data
                0x080089f8       0x28 ./Core/Src/test.o
 .rodata.UARTPrescTable
                0x08008a20       0x18 ./Drivers/STM32G4xx_HAL_Driver/Src/stm32g4xx_hal_uart.o
                0x08008a20                UARTPrescTable
 .rodata.numerator.1
                0x08008a38        0x8 ./Drivers/STM32G4xx_HAL_Driver/Src/stm32g4xx_hal_uart_ex.o
 .rodata.denominator.0
                0x08008a40        0x8 ./Drivers/STM32G4xx_HAL_Driver/Src/stm32g4xx_hal_uart_ex.o
 .rodata._svfprintf_r.str1.1
                0x08008a48       0x33 C:/ST/STM32CubeIDE_1.19.0/STM32CubeIDE/plugins/com.st.stm32cube.ide.mcu.externaltools.gnu-tools-for-stm32.13.3.rel1.win32_1.0.0.202411081344/tools/bin/../lib/gcc/arm-none-eabi/13.3.1/../../../../arm-none-eabi/lib/thumb/v7e-m+fp/hard\libc_nano.a(libc_a-nano-svfprintf.o)
                                 0x11 (size before relaxing)
 .rodata._printf_i.str1.1
                0x08008a7b       0x22 C:/ST/STM32CubeIDE_1.19.0/STM32CubeIDE/plugins/com.st.stm32cube.ide.mcu.externaltools.gnu-tools-for-stm32.13.3.rel1.win32_1.0.0.202411081344/tools/bin/../lib/gcc/arm-none-eabi/13.3.1/../../../../arm-none-eabi/lib/thumb/v7e-m+fp/hard\libc_nano.a(libc_a-nano-vfprintf_i.o)
                0x08008aa0                        . = ALIGN (0x4)
 *fill*         0x08008a7b        0x1 

CMOX_CTA_PROTECTED_DATA
                0x08008a7c      0x500
 CMOX_CTA_PROTECTED_DATA
                0x08008a7c      0x400 C:\Users\leonu\Documents\lora_encryption\Middlewares\STM32_Cryptographic\lib\libSTM32Cryptographic_CM4.a(cmox_aesfast_encrypt.c.o)
                0x08008a7c                CMOX_AES_ENC_TABLE
 CMOX_CTA_PROTECTED_DATA
                0x08008e7c      0x100 C:\Users\leonu\Documents\lora_encryption\Middlewares\STM32_Cryptographic\lib\libSTM32Cryptographic_CM4.a(cmox_aes_common.c.o)
                0x08008e7c                CMOX_AES_SBOX

.ARM.extab      0x08008f7c        0x0
                0x08008f7c                        . = ALIGN (0x4)
 *(.ARM.extab* .gnu.linkonce.armextab.*)
                0x08008f7c                        . = ALIGN (0x4)

.ARM            0x08008f7c        0x8
                0x08008f7c                        . = ALIGN (0x4)
                0x08008f7c                        __exidx_start = .
 *(.ARM.exidx*)
 .ARM.exidx     0x08008f7c        0x8 C:/ST/STM32CubeIDE_1.19.0/STM32CubeIDE/plugins/com.st.stm32cube.ide.mcu.externaltools.gnu-tools-for-stm32.13.3.rel1.win32_1.0.0.202411081344/tools/bin/../lib/gcc/arm-none-eabi/13.3.1/../../../../arm-none-eabi/lib/thumb/v7e-m+fp/hard\libc_nano.a(libc_a-strlen.o)
 .ARM.exidx     0x08008f84        0x0 C:/ST/STM32CubeIDE_1.19.0/STM32CubeIDE/plugins/com.st.stm32cube.ide.mcu.externaltools.gnu-tools-for-stm32.13.3.rel1.win32_1.0.0.202411081344/tools/bin/../lib/gcc/arm-none-eabi/13.3.1/../../../../arm-none-eabi/lib/thumb/v7e-m+fp/hard\libc_nano.a(libc_a-aeabi_memset-soft.o)
                                  0x8 (size before relaxing)
 .ARM.exidx     0x08008f84        0x0 C:/ST/STM32CubeIDE_1.19.0/STM32CubeIDE/plugins/com.st.stm32cube.ide.mcu.externaltools.gnu-tools-for-stm32.13.3.rel1.win32_1.0.0.202411081344/tools/bin/../lib/gcc/arm-none-eabi/13.3.1/../../../../arm-none-eabi/lib/thumb/v7e-m+fp/hard\libc_nano.a(libc_a-memchr.o)
                                  0x8 (size before relaxing)
 .ARM.exidx     0x08008f84        0x0 C:/ST/STM32CubeIDE_1.19.0/STM32CubeIDE/plugins/com.st.stm32cube.ide.mcu.externaltools.gnu-tools-for-stm32.13.3.rel1.win32_1.0.0.202411081344/tools/bin/../lib/gcc/arm-none-eabi/13.3.1/thumb/v7e-m+fp/hard\libgcc.a(_udivmoddi4.o)
                                  0x8 (size before relaxing)
                0x08008f84                        __exidx_end = .
                0x08008f84                        . = ALIGN (0x4)

.preinit_array  0x08008f84        0x0
                0x08008f84                        . = ALIGN (0x4)
                0x08008f84                        PROVIDE (__preinit_array_start = .)
 *(.preinit_array*)
                0x08008f84                        PROVIDE (__preinit_array_end = .)
                0x08008f84                        . = ALIGN (0x4)

.init_array     0x08008f84        0x4
                0x08008f84                        . = ALIGN (0x4)
                0x08008f84                        PROVIDE (__init_array_start = .)
 *(SORT_BY_NAME(.init_array.*))
 *(.init_array*)
 .init_array    0x08008f84        0x4 C:/ST/STM32CubeIDE_1.19.0/STM32CubeIDE/plugins/com.st.stm32cube.ide.mcu.externaltools.gnu-tools-for-stm32.13.3.rel1.win32_1.0.0.202411081344/tools/bin/../lib/gcc/arm-none-eabi/13.3.1/thumb/v7e-m+fp/hard/crtbegin.o
                0x08008f88                        PROVIDE (__init_array_end = .)
                0x08008f88                        . = ALIGN (0x4)

.fini_array     0x08008f88        0x4
                0x08008f88                        . = ALIGN (0x4)
                [!provide]                        PROVIDE (__fini_array_start = .)
 *(SORT_BY_NAME(.fini_array.*))
 *(.fini_array*)
 .fini_array    0x08008f88        0x4 C:/ST/STM32CubeIDE_1.19.0/STM32CubeIDE/plugins/com.st.stm32cube.ide.mcu.externaltools.gnu-tools-for-stm32.13.3.rel1.win32_1.0.0.202411081344/tools/bin/../lib/gcc/arm-none-eabi/13.3.1/thumb/v7e-m+fp/hard/crtbegin.o
                [!provide]                        PROVIDE (__fini_array_end = .)
                0x08008f8c                        . = ALIGN (0x4)
                0x08008f8c                        _sidata = LOADADDR (.data)

.rel.dyn        0x08008f8c        0x0
 .rel.iplt      0x08008f8c        0x0 C:/ST/STM32CubeIDE_1.19.0/STM32CubeIDE/plugins/com.st.stm32cube.ide.mcu.externaltools.gnu-tools-for-stm32.13.3.rel1.win32_1.0.0.202411081344/tools/bin/../lib/gcc/arm-none-eabi/13.3.1/thumb/v7e-m+fp/hard/crtbegin.o

.data           0x20000000       0x60 load address 0x08008f8c
                0x20000000                        . = ALIGN (0x4)
                0x20000000                        _sdata = .
 *(.data)
 *(.data*)
 .data.SystemCoreClock
                0x20000000        0x4 ./Core/Src/system_stm32g4xx.o
                0x20000000                SystemCoreClock
 .data.current_tx_size
                0x20000004        0x1 ./Core/Src/test.o
 *fill*         0x20000005        0x3 
 .data.uwTickPrio
                0x20000008        0x4 ./Drivers/STM32G4xx_HAL_Driver/Src/stm32g4xx_hal.o
                0x20000008                uwTickPrio
 .data.uwTickFreq
                0x2000000c        0x4 ./Drivers/STM32G4xx_HAL_Driver/Src/stm32g4xx_hal.o
                0x2000000c                uwTickFreq
 .data._impure_ptr
                0x20000010        0x4 C:/ST/STM32CubeIDE_1.19.0/STM32CubeIDE/plugins/com.st.stm32cube.ide.mcu.externaltools.gnu-tools-for-stm32.13.3.rel1.win32_1.0.0.202411081344/tools/bin/../lib/gcc/arm-none-eabi/13.3.1/../../../../arm-none-eabi/lib/thumb/v7e-m+fp/hard\libc_nano.a(libc_a-impure.o)
                0x20000010                _impure_ptr
 .data._impure_data
                0x20000014       0x4c C:/ST/STM32CubeIDE_1.19.0/STM32CubeIDE/plugins/com.st.stm32cube.ide.mcu.externaltools.gnu-tools-for-stm32.13.3.rel1.win32_1.0.0.202411081344/tools/bin/../lib/gcc/arm-none-eabi/13.3.1/../../../../arm-none-eabi/lib/thumb/v7e-m+fp/hard\libc_nano.a(libc_a-impure.o)
                0x20000014                _impure_data
 *(.RamFunc)
 *(.RamFunc*)
                0x20000060                        . = ALIGN (0x4)
                0x20000060                        _edata = .

.igot.plt       0x20000060        0x0 load address 0x08008fec
 .igot.plt      0x20000060        0x0 C:/ST/STM32CubeIDE_1.19.0/STM32CubeIDE/plugins/com.st.stm32cube.ide.mcu.externaltools.gnu-tools-for-stm32.13.3.rel1.win32_1.0.0.202411081344/tools/bin/../lib/gcc/arm-none-eabi/13.3.1/thumb/v7e-m+fp/hard/crtbegin.o
                0x20000060                        . = ALIGN (0x4)

.bss            0x20000060      0x618 load address 0x08008fec
                0x20000060                        _sbss = .
                0x20000060                        __bss_start__ = _sbss
 *(.bss)
 .bss           0x20000060       0x1c C:/ST/STM32CubeIDE_1.19.0/STM32CubeIDE/plugins/com.st.stm32cube.ide.mcu.externaltools.gnu-tools-for-stm32.13.3.rel1.win32_1.0.0.202411081344/tools/bin/../lib/gcc/arm-none-eabi/13.3.1/thumb/v7e-m+fp/hard/crtbegin.o
 .bss           0x2000007c        0x1 C:\Users\leonu\Documents\lora_encryption\Middlewares\STM32_Cryptographic\lib\libSTM32Cryptographic_CM4.a(cmox_init.c.o)
                0x2000007c                cmox_init_ctxi
 *(.bss*)
 *fill*         0x2000007d        0x3 
 .bss.iv_counter
                0x20000080        0x4 ./Core/Src/crypto_wrapper.o
 .bss.lora_tx   0x20000084      0x130 ./Core/Src/main.o
                0x20000084                lora_tx
 .bss.lora_rx   0x200001b4      0x130 ./Core/Src/main.o
                0x200001b4                lora_rx
 .bss.lastRx    0x200002e4        0x4 ./Core/Src/main.o
                0x200002e4                lastRx
 .bss.hcrc      0x200002e8       0x24 ./Core/Src/main.o
                0x200002e8                hcrc
 .bss.hspi1     0x2000030c       0x64 ./Core/Src/main.o
                0x2000030c                hspi1
 .bss.htim2     0x20000370       0x4c ./Core/Src/main.o
                0x20000370                htim2
 .bss.huart3    0x200003bc       0x94 ./Core/Src/main.o
                0x200003bc                huart3
 .bss.__sbrk_heap_end
                0x20000450        0x4 ./Core/Src/sysmem.o
 .bss.uart_handle
                0x20000454        0x4 ./Core/Src/test.o
 .bss.timer_handle
                0x20000458        0x4 ./Core/Src/test.o
 .bss.lora_tx   0x2000045c        0x4 ./Core/Src/test.o
 .bss.lora_rx   0x20000460        0x4 ./Core/Src/test.o
 .bss.current_role
                0x20000464        0x1 ./Core/Src/test.o
 .bss.current_state
                0x20000465        0x1 ./Core/Src/test.o
 *fill*         0x20000466        0x2 
 .bss.state_timer
                0x20000468        0x4 ./Core/Src/test.o
 .bss.test_start_time
                0x2000046c        0x4 ./Core/Src/test.o
 .bss.last_tx_time
                0x20000470        0x4 ./Core/Src/test.o
 .bss.last_rx_check
                0x20000474        0x4 ./Core/Src/test.o
 .bss.is_tx_active
                0x20000478        0x1 ./Core/Src/test.o
 *fill*         0x20000479        0x3 
 .bss.seq_counter
                0x2000047c        0x4 ./Core/Src/test.o
 .bss.expected_seq
                0x20000480        0x4 ./Core/Src/test.o
 .bss.pkts_sent
                0x20000484        0x4 ./Core/Src/test.o
 .bss.pkts_received
                0x20000488        0x4 ./Core/Src/test.o
 .bss.pkts_lost
                0x2000048c        0x4 ./Core/Src/test.o
 .bss.total_delay_us
                0x20000490        0x4 ./Core/Src/test.o
 .bss.total_jitter_us
                0x20000494        0x4 ./Core/Src/test.o
 .bss.last_delay_us
                0x20000498        0x4 ./Core/Src/test.o
 .bss.max_delay_us
                0x2000049c        0x4 ./Core/Src/test.o
 .bss.max_jitter_us
                0x200004a0        0x4 ./Core/Src/test.o
 .bss.tx_pkt    0x200004a4       0x88 ./Core/Src/test.o
 .bss.uwTick    0x2000052c        0x4 ./Drivers/STM32G4xx_HAL_Driver/Src/stm32g4xx_hal.o
                0x2000052c                uwTick
 .bss.__sf      0x20000530      0x138 C:/ST/STM32CubeIDE_1.19.0/STM32CubeIDE/plugins/com.st.stm32cube.ide.mcu.externaltools.gnu-tools-for-stm32.13.3.rel1.win32_1.0.0.202411081344/tools/bin/../lib/gcc/arm-none-eabi/13.3.1/../../../../arm-none-eabi/lib/thumb/v7e-m+fp/hard\libc_nano.a(libc_a-findfp.o)
                0x20000530                __sf
 .bss.errno     0x20000668        0x4 C:/ST/STM32CubeIDE_1.19.0/STM32CubeIDE/plugins/com.st.stm32cube.ide.mcu.externaltools.gnu-tools-for-stm32.13.3.rel1.win32_1.0.0.202411081344/tools/bin/../lib/gcc/arm-none-eabi/13.3.1/../../../../arm-none-eabi/lib/thumb/v7e-m+fp/hard\libc_nano.a(libc_a-reent.o)
                0x20000668                errno
 .bss.__lock___malloc_recursive_mutex
                0x2000066c        0x1 C:/ST/STM32CubeIDE_1.19.0/STM32CubeIDE/plugins/com.st.stm32cube.ide.mcu.externaltools.gnu-tools-for-stm32.13.3.rel1.win32_1.0.0.202411081344/tools/bin/../lib/gcc/arm-none-eabi/13.3.1/../../../../arm-none-eabi/lib/thumb/v7e-m+fp/hard\libc_nano.a(libc_a-lock.o)
                0x2000066c                __lock___malloc_recursive_mutex
 *fill*         0x2000066d        0x3 
 .bss.__malloc_sbrk_start
                0x20000670        0x4 C:/ST/STM32CubeIDE_1.19.0/STM32CubeIDE/plugins/com.st.stm32cube.ide.mcu.externaltools.gnu-tools-for-stm32.13.3.rel1.win32_1.0.0.202411081344/tools/bin/../lib/gcc/arm-none-eabi/13.3.1/../../../../arm-none-eabi/lib/thumb/v7e-m+fp/hard\libc_nano.a(libc_a-mallocr.o)
                0x20000670                __malloc_sbrk_start
 .bss.__malloc_free_list
                0x20000674        0x4 C:/ST/STM32CubeIDE_1.19.0/STM32CubeIDE/plugins/com.st.stm32cube.ide.mcu.externaltools.gnu-tools-for-stm32.13.3.rel1.win32_1.0.0.202411081344/tools/bin/../lib/gcc/arm-none-eabi/13.3.1/../../../../arm-none-eabi/lib/thumb/v7e-m+fp/hard\libc_nano.a(libc_a-mallocr.o)
                0x20000674                __malloc_free_list
 *(COMMON)
                0x20000678                        . = ALIGN (0x4)
                0x20000678                        _ebss = .
                0x20000678                        __bss_end__ = _ebss

._user_heap_stack
                0x20000678      0x600 load address 0x08008fec
                0x20000678                        . = ALIGN (0x8)
                [!provide]                        PROVIDE (end = .)
                0x20000678                        PROVIDE (_end = .)
                0x20000878                        . = (. + _Min_Heap_Size)
 *fill*         0x20000678      0x200 
                0x20000c78                        . = (. + _Min_Stack_Size)
 *fill*         0x20000878      0x400 
                0x20000c78                        . = ALIGN (0x8)

/DISCARD/
 libc.a(*)
 libm.a(*)
 libgcc.a(*)

.ARM.attributes
                0x00000000       0x34
 *(.ARM.attributes)
 .ARM.attributes
                0x00000000       0x22 C:/ST/STM32CubeIDE_1.19.0/STM32CubeIDE/plugins/com.st.stm32cube.ide.mcu.externaltools.gnu-tools-for-stm32.13.3.rel1.win32_1.0.0.202411081344/tools/bin/../lib/gcc/arm-none-eabi/13.3.1/thumb/v7e-m+fp/hard/crti.o
 .ARM.attributes
                0x00000022       0x34 C:/ST/STM32CubeIDE_1.19.0/STM32CubeIDE/plugins/com.st.stm32cube.ide.mcu.externaltools.gnu-tools-for-stm32.13.3.rel1.win32_1.0.0.202411081344/tools/bin/../lib/gcc/arm-none-eabi/13.3.1/thumb/v7e-m+fp/hard/crtbegin.o
 .ARM.attributes
                0x00000056       0x34 ./Core/Src/crypto_wrapper.o
 .ARM.attributes
                0x0000008a       0x34 ./Core/Src/main.o
 .ARM.attributes
                0x000000be       0x34 ./Core/Src/stm32g4xx_hal_msp.o
 .ARM.attributes
                0x000000f2       0x34 ./Core/Src/stm32g4xx_it.o
 .ARM.attributes
                0x00000126       0x34 ./Core/Src/sx1272.o
 .ARM.attributes
                0x0000015a       0x34 ./Core/Src/sysmem.o
 .ARM.attributes
                0x0000018e       0x34 ./Core/Src/system_stm32g4xx.o
 .ARM.attributes
                0x000001c2       0x34 ./Core/Src/test.o
 .ARM.attributes
                0x000001f6       0x21 ./Core/Startup/startup_stm32g431rbtx.o
 .ARM.attributes
                0x00000217       0x34 ./Drivers/STM32G4xx_HAL_Driver/Src/stm32g4xx_hal.o
 .ARM.attributes
                0x0000024b       0x34 ./Drivers/STM32G4xx_HAL_Driver/Src/stm32g4xx_hal_cortex.o
 .ARM.attributes
                0x0000027f       0x34 ./Drivers/STM32G4xx_HAL_Driver/Src/stm32g4xx_hal_crc.o
 .ARM.attributes
                0x000002b3       0x34 ./Drivers/STM32G4xx_HAL_Driver/Src/stm32g4xx_hal_crc_ex.o
 .ARM.attributes
                0x000002e7       0x34 ./Drivers/STM32G4xx_HAL_Driver/Src/stm32g4xx_hal_dma.o
 .ARM.attributes
                0x0000031b       0x34 ./Drivers/STM32G4xx_HAL_Driver/Src/stm32g4xx_hal_gpio.o
 .ARM.attributes
                0x0000034f       0x34 ./Drivers/STM32G4xx_HAL_Driver/Src/stm32g4xx_hal_pwr_ex.o
 .ARM.attributes
                0x00000383       0x34 ./Drivers/STM32G4xx_HAL_Driver/Src/stm32g4xx_hal_rcc.o
 .ARM.attributes
                0x000003b7       0x34 ./Drivers/STM32G4xx_HAL_Driver/Src/stm32g4xx_hal_rcc_ex.o
 .ARM.attributes
                0x000003eb       0x34 ./Drivers/STM32G4xx_HAL_Driver/Src/stm32g4xx_hal_spi.o
 .ARM.attributes
                0x0000041f       0x34 ./Drivers/STM32G4xx_HAL_Driver/Src/stm32g4xx_hal_tim.o
 .ARM.attributes
                0x00000453       0x34 ./Drivers/STM32G4xx_HAL_Driver/Src/stm32g4xx_hal_tim_ex.o
 .ARM.attributes
                0x00000487       0x34 ./Drivers/STM32G4xx_HAL_Driver/Src/stm32g4xx_hal_uart.o
 .ARM.attributes
                0x000004bb       0x34 ./Drivers/STM32G4xx_HAL_Driver/Src/stm32g4xx_hal_uart_ex.o
 .ARM.attributes
                0x000004ef       0x50 C:\Users\leonu\Documents\lora_encryption\Middlewares\STM32_Cryptographic\lib\libSTM32Cryptographic_CM4.a(cmox_cipher.c.o)
 .ARM.attributes
                0x0000053f       0x4e C:\Users\leonu\Documents\lora_encryption\Middlewares\STM32_Cryptographic\lib\libSTM32Cryptographic_CM4.a(cmox_gcm_fast_aesfast_decrypt.c.o)
 .ARM.attributes
                0x0000058d       0x4e C:\Users\leonu\Documents\lora_encryption\Middlewares\STM32_Cryptographic\lib\libSTM32Cryptographic_CM4.a(cmox_gcm_fast_aesfast_encrypt.c.o)
 .ARM.attributes
                0x000005db       0x4e C:\Users\leonu\Documents\lora_encryption\Middlewares\STM32_Cryptographic\lib\libSTM32Cryptographic_CM4.a(cmox_gcm_fast_common.c.o)
 .ARM.attributes
                0x00000629       0x4e C:\Users\leonu\Documents\lora_encryption\Middlewares\STM32_Cryptographic\lib\libSTM32Cryptographic_CM4.a(cmox_gcm_fast_decrypt.c.o)
 .ARM.attributes
                0x00000677       0x4e C:\Users\leonu\Documents\lora_encryption\Middlewares\STM32_Cryptographic\lib\libSTM32Cryptographic_CM4.a(cmox_gcm_fast_encrypt.c.o)
 .ARM.attributes
                0x000006c5       0x4e C:\Users\leonu\Documents\lora_encryption\Middlewares\STM32_Cryptographic\lib\libSTM32Cryptographic_CM4.a(cmox_init.c.o)
 .ARM.attributes
                0x00000713       0x4e C:\Users\leonu\Documents\lora_encryption\Middlewares\STM32_Cryptographic\lib\libSTM32Cryptographic_CM4.a(cmox_aesfast_encrypt.c.o)
 .ARM.attributes
                0x00000761       0x4e C:\Users\leonu\Documents\lora_encryption\Middlewares\STM32_Cryptographic\lib\libSTM32Cryptographic_CM4.a(cmox_cipher_modes.c.o)
 .ARM.attributes
                0x000007af       0x4e C:\Users\leonu\Documents\lora_encryption\Middlewares\STM32_Cryptographic\lib\libSTM32Cryptographic_CM4.a(cmox_gcm_common.c.o)
 .ARM.attributes
                0x000007fd       0x4e C:\Users\leonu\Documents\lora_encryption\Middlewares\STM32_Cryptographic\lib\libSTM32Cryptographic_CM4.a(cmox_utils_compare.c.o)
 .ARM.attributes
                0x0000084b       0x4e C:\Users\leonu\Documents\lora_encryption\Middlewares\STM32_Cryptographic\lib\libSTM32Cryptographic_CM4.a(cmox_aes_common.c.o)
 .ARM.attributes
                0x00000899       0x34 C:/ST/STM32CubeIDE_1.19.0/STM32CubeIDE/plugins/com.st.stm32cube.ide.mcu.externaltools.gnu-tools-for-stm32.13.3.rel1.win32_1.0.0.202411081344/tools/bin/../lib/gcc/arm-none-eabi/13.3.1/../../../../arm-none-eabi/lib/thumb/v7e-m+fp/hard\libc_nano.a(libc_a-findfp.o)
 .ARM.attributes
                0x000008cd       0x34 C:/ST/STM32CubeIDE_1.19.0/STM32CubeIDE/plugins/com.st.stm32cube.ide.mcu.externaltools.gnu-tools-for-stm32.13.3.rel1.win32_1.0.0.202411081344/tools/bin/../lib/gcc/arm-none-eabi/13.3.1/../../../../arm-none-eabi/lib/thumb/v7e-m+fp/hard\libc_nano.a(libc_a-sprintf.o)
 .ARM.attributes
                0x00000901       0x34 C:/ST/STM32CubeIDE_1.19.0/STM32CubeIDE/plugins/com.st.stm32cube.ide.mcu.externaltools.gnu-tools-for-stm32.13.3.rel1.win32_1.0.0.202411081344/tools/bin/../lib/gcc/arm-none-eabi/13.3.1/../../../../arm-none-eabi/lib/thumb/v7e-m+fp/hard\libc_nano.a(libc_a-memset.o)
 .ARM.attributes
                0x00000935       0x34 C:/ST/STM32CubeIDE_1.19.0/STM32CubeIDE/plugins/com.st.stm32cube.ide.mcu.externaltools.gnu-tools-for-stm32.13.3.rel1.win32_1.0.0.202411081344/tools/bin/../lib/gcc/arm-none-eabi/13.3.1/../../../../arm-none-eabi/lib/thumb/v7e-m+fp/hard\libc_nano.a(libc_a-reent.o)
 .ARM.attributes
                0x00000969       0x34 C:/ST/STM32CubeIDE_1.19.0/STM32CubeIDE/plugins/com.st.stm32cube.ide.mcu.externaltools.gnu-tools-for-stm32.13.3.rel1.win32_1.0.0.202411081344/tools/bin/../lib/gcc/arm-none-eabi/13.3.1/../../../../arm-none-eabi/lib/thumb/v7e-m+fp/hard\libc_nano.a(libc_a-impure.o)
 .ARM.attributes
                0x0000099d       0x34 C:/ST/STM32CubeIDE_1.19.0/STM32CubeIDE/plugins/com.st.stm32cube.ide.mcu.externaltools.gnu-tools-for-stm32.13.3.rel1.win32_1.0.0.202411081344/tools/bin/../lib/gcc/arm-none-eabi/13.3.1/../../../../arm-none-eabi/lib/thumb/v7e-m+fp/hard\libc_nano.a(libc_a-errno.o)
 .ARM.attributes
                0x000009d1       0x34 C:/ST/STM32CubeIDE_1.19.0/STM32CubeIDE/plugins/com.st.stm32cube.ide.mcu.externaltools.gnu-tools-for-stm32.13.3.rel1.win32_1.0.0.202411081344/tools/bin/../lib/gcc/arm-none-eabi/13.3.1/../../../../arm-none-eabi/lib/thumb/v7e-m+fp/hard\libc_nano.a(libc_a-init.o)
 .ARM.attributes
                0x00000a05       0x34 C:/ST/STM32CubeIDE_1.19.0/STM32CubeIDE/plugins/com.st.stm32cube.ide.mcu.externaltools.gnu-tools-for-stm32.13.3.rel1.win32_1.0.0.202411081344/tools/bin/../lib/gcc/arm-none-eabi/13.3.1/../../../../arm-none-eabi/lib/thumb/v7e-m+fp/hard\libc_nano.a(libc_a-lock.o)
 .ARM.attributes
                0x00000a39       0x34 C:/ST/STM32CubeIDE_1.19.0/STM32CubeIDE/plugins/com.st.stm32cube.ide.mcu.externaltools.gnu-tools-for-stm32.13.3.rel1.win32_1.0.0.202411081344/tools/bin/../lib/gcc/arm-none-eabi/13.3.1/../../../../arm-none-eabi/lib/thumb/v7e-m+fp/hard\libc_nano.a(libc_a-aeabi_memclr.o)
 .ARM.attributes
                0x00000a6d       0x34 C:/ST/STM32CubeIDE_1.19.0/STM32CubeIDE/plugins/com.st.stm32cube.ide.mcu.externaltools.gnu-tools-for-stm32.13.3.rel1.win32_1.0.0.202411081344/tools/bin/../lib/gcc/arm-none-eabi/13.3.1/../../../../arm-none-eabi/lib/thumb/v7e-m+fp/hard\libc_nano.a(libc_a-memcpy-stub.o)
 .ARM.attributes
                0x00000aa1       0x17 C:/ST/STM32CubeIDE_1.19.0/STM32CubeIDE/plugins/com.st.stm32cube.ide.mcu.externaltools.gnu-tools-for-stm32.13.3.rel1.win32_1.0.0.202411081344/tools/bin/../lib/gcc/arm-none-eabi/13.3.1/../../../../arm-none-eabi/lib/thumb/v7e-m+fp/hard\libc_nano.a(libc_a-strlen.o)
 .ARM.attributes
                0x00000ab8       0x34 C:/ST/STM32CubeIDE_1.19.0/STM32CubeIDE/plugins/com.st.stm32cube.ide.mcu.externaltools.gnu-tools-for-stm32.13.3.rel1.win32_1.0.0.202411081344/tools/bin/../lib/gcc/arm-none-eabi/13.3.1/../../../../arm-none-eabi/lib/thumb/v7e-m+fp/hard\libc_nano.a(libc_a-freer.o)
 .ARM.attributes
                0x00000aec       0x34 C:/ST/STM32CubeIDE_1.19.0/STM32CubeIDE/plugins/com.st.stm32cube.ide.mcu.externaltools.gnu-tools-for-stm32.13.3.rel1.win32_1.0.0.202411081344/tools/bin/../lib/gcc/arm-none-eabi/13.3.1/../../../../arm-none-eabi/lib/thumb/v7e-m+fp/hard\libc_nano.a(libc_a-mallocr.o)
 .ARM.attributes
                0x00000b20       0x34 C:/ST/STM32CubeIDE_1.19.0/STM32CubeIDE/plugins/com.st.stm32cube.ide.mcu.externaltools.gnu-tools-for-stm32.13.3.rel1.win32_1.0.0.202411081344/tools/bin/../lib/gcc/arm-none-eabi/13.3.1/../../../../arm-none-eabi/lib/thumb/v7e-m+fp/hard\libc_nano.a(libc_a-mlock.o)
 .ARM.attributes
                0x00000b54       0x34 C:/ST/STM32CubeIDE_1.19.0/STM32CubeIDE/plugins/com.st.stm32cube.ide.mcu.externaltools.gnu-tools-for-stm32.13.3.rel1.win32_1.0.0.202411081344/tools/bin/../lib/gcc/arm-none-eabi/13.3.1/../../../../arm-none-eabi/lib/thumb/v7e-m+fp/hard\libc_nano.a(libc_a-nano-svfprintf.o)
 .ARM.attributes
                0x00000b88       0x34 C:/ST/STM32CubeIDE_1.19.0/STM32CubeIDE/plugins/com.st.stm32cube.ide.mcu.externaltools.gnu-tools-for-stm32.13.3.rel1.win32_1.0.0.202411081344/tools/bin/../lib/gcc/arm-none-eabi/13.3.1/../../../../arm-none-eabi/lib/thumb/v7e-m+fp/hard\libc_nano.a(libc_a-nano-vfprintf_i.o)
 .ARM.attributes
                0x00000bbc       0x34 C:/ST/STM32CubeIDE_1.19.0/STM32CubeIDE/plugins/com.st.stm32cube.ide.mcu.externaltools.gnu-tools-for-stm32.13.3.rel1.win32_1.0.0.202411081344/tools/bin/../lib/gcc/arm-none-eabi/13.3.1/../../../../arm-none-eabi/lib/thumb/v7e-m+fp/hard\libc_nano.a(libc_a-memmove.o)
 .ARM.attributes
                0x00000bf0       0x34 C:/ST/STM32CubeIDE_1.19.0/STM32CubeIDE/plugins/com.st.stm32cube.ide.mcu.externaltools.gnu-tools-for-stm32.13.3.rel1.win32_1.0.0.202411081344/tools/bin/../lib/gcc/arm-none-eabi/13.3.1/../../../../arm-none-eabi/lib/thumb/v7e-m+fp/hard\libc_nano.a(libc_a-sbrkr.o)
 .ARM.attributes
                0x00000c24       0x20 C:/ST/STM32CubeIDE_1.19.0/STM32CubeIDE/plugins/com.st.stm32cube.ide.mcu.externaltools.gnu-tools-for-stm32.13.3.rel1.win32_1.0.0.202411081344/tools/bin/../lib/gcc/arm-none-eabi/13.3.1/../../../../arm-none-eabi/lib/thumb/v7e-m+fp/hard\libc_nano.a(libc_a-aeabi_memset-soft.o)
 .ARM.attributes
                0x00000c44       0x1c C:/ST/STM32CubeIDE_1.19.0/STM32CubeIDE/plugins/com.st.stm32cube.ide.mcu.externaltools.gnu-tools-for-stm32.13.3.rel1.win32_1.0.0.202411081344/tools/bin/../lib/gcc/arm-none-eabi/13.3.1/../../../../arm-none-eabi/lib/thumb/v7e-m+fp/hard\libc_nano.a(libc_a-memchr.o)
 .ARM.attributes
                0x00000c60       0x34 C:/ST/STM32CubeIDE_1.19.0/STM32CubeIDE/plugins/com.st.stm32cube.ide.mcu.externaltools.gnu-tools-for-stm32.13.3.rel1.win32_1.0.0.202411081344/tools/bin/../lib/gcc/arm-none-eabi/13.3.1/../../../../arm-none-eabi/lib/thumb/v7e-m+fp/hard\libc_nano.a(libc_a-reallocr.o)
 .ARM.attributes
                0x00000c94       0x34 C:/ST/STM32CubeIDE_1.19.0/STM32CubeIDE/plugins/com.st.stm32cube.ide.mcu.externaltools.gnu-tools-for-stm32.13.3.rel1.win32_1.0.0.202411081344/tools/bin/../lib/gcc/arm-none-eabi/13.3.1/../../../../arm-none-eabi/lib/thumb/v7e-m+fp/hard\libc_nano.a(libc_a-msizer.o)
 .ARM.attributes
                0x00000cc8       0x22 C:/ST/STM32CubeIDE_1.19.0/STM32CubeIDE/plugins/com.st.stm32cube.ide.mcu.externaltools.gnu-tools-for-stm32.13.3.rel1.win32_1.0.0.202411081344/tools/bin/../lib/gcc/arm-none-eabi/13.3.1/thumb/v7e-m+fp/hard\libgcc.a(_aeabi_uldivmod.o)
 .ARM.attributes
                0x00000cea       0x34 C:/ST/STM32CubeIDE_1.19.0/STM32CubeIDE/plugins/com.st.stm32cube.ide.mcu.externaltools.gnu-tools-for-stm32.13.3.rel1.win32_1.0.0.202411081344/tools/bin/../lib/gcc/arm-none-eabi/13.3.1/thumb/v7e-m+fp/hard\libgcc.a(_udivmoddi4.o)
 .ARM.attributes
                0x00000d1e       0x22 C:/ST/STM32CubeIDE_1.19.0/STM32CubeIDE/plugins/com.st.stm32cube.ide.mcu.externaltools.gnu-tools-for-stm32.13.3.rel1.win32_1.0.0.202411081344/tools/bin/../lib/gcc/arm-none-eabi/13.3.1/thumb/v7e-m+fp/hard\libgcc.a(_dvmd_tls.o)
 .ARM.attributes
                0x00000d40       0x22 C:/ST/STM32CubeIDE_1.19.0/STM32CubeIDE/plugins/com.st.stm32cube.ide.mcu.externaltools.gnu-tools-for-stm32.13.3.rel1.win32_1.0.0.202411081344/tools/bin/../lib/gcc/arm-none-eabi/13.3.1/thumb/v7e-m+fp/hard/crtn.o
OUTPUT(LoRaTest.elf elf32-littlearm)
LOAD linker stubs
LOAD C:/ST/STM32CubeIDE_1.19.0/STM32CubeIDE/plugins/com.st.stm32cube.ide.mcu.externaltools.gnu-tools-for-stm32.13.3.rel1.win32_1.0.0.202411081344/tools/bin/../lib/gcc/arm-none-eabi/13.3.1/../../../../arm-none-eabi/lib/thumb/v7e-m+fp/hard\libc.a
LOAD C:/ST/STM32CubeIDE_1.19.0/STM32CubeIDE/plugins/com.st.stm32cube.ide.mcu.externaltools.gnu-tools-for-stm32.13.3.rel1.win32_1.0.0.202411081344/tools/bin/../lib/gcc/arm-none-eabi/13.3.1/../../../../arm-none-eabi/lib/thumb/v7e-m+fp/hard\libm.a
LOAD C:/ST/STM32CubeIDE_1.19.0/STM32CubeIDE/plugins/com.st.stm32cube.ide.mcu.externaltools.gnu-tools-for-stm32.13.3.rel1.win32_1.0.0.202411081344/tools/bin/../lib/gcc/arm-none-eabi/13.3.1/thumb/v7e-m+fp/hard\libgcc.a

.debug_info     0x00000000    0x178c7
 .debug_info    0x00000000      0x5e7 ./Core/Src/crypto_wrapper.o
 .debug_info    0x000005e7     0x1d40 ./Core/Src/main.o
 .debug_info    0x00002327     0x18b8 ./Core/Src/stm32g4xx_hal_msp.o
 .debug_info    0x00003bdf      0x79a ./Core/Src/stm32g4xx_it.o
 .debug_info    0x00004379      0xd8d ./Core/Src/sx1272.o
 .debug_info    0x00005106      0x168 ./Core/Src/sysmem.o
 .debug_info    0x0000526e      0x58e ./Core/Src/system_stm32g4xx.o
 .debug_info    0x000057fc     0x1757 ./Core/Src/test.o
 .debug_info    0x00006f53       0x30 ./Core/Startup/startup_stm32g431rbtx.o
 .debug_info    0x00006f83      0xadb ./Drivers/STM32G4xx_HAL_Driver/Src/stm32g4xx_hal.o
 .debug_info    0x00007a5e      0xd3f ./Drivers/STM32G4xx_HAL_Driver/Src/stm32g4xx_hal_cortex.o
 .debug_info    0x0000879d      0x513 ./Drivers/STM32G4xx_HAL_Driver/Src/stm32g4xx_hal_crc.o
 .debug_info    0x00008cb0      0x326 ./Drivers/STM32G4xx_HAL_Driver/Src/stm32g4xx_hal_crc_ex.o
 .debug_info    0x00008fd6      0x85f ./Drivers/STM32G4xx_HAL_Driver/Src/stm32g4xx_hal_dma.o
 .debug_info    0x00009835      0x763 ./Drivers/STM32G4xx_HAL_Driver/Src/stm32g4xx_hal_gpio.o
 .debug_info    0x00009f98      0x93f ./Drivers/STM32G4xx_HAL_Driver/Src/stm32g4xx_hal_pwr_ex.o
 .debug_info    0x0000a8d7      0xb82 ./Drivers/STM32G4xx_HAL_Driver/Src/stm32g4xx_hal_rcc.o
 .debug_info    0x0000b459      0xc15 ./Drivers/STM32G4xx_HAL_Driver/Src/stm32g4xx_hal_rcc_ex.o
 .debug_info    0x0000c06e     0x1677 ./Drivers/STM32G4xx_HAL_Driver/Src/stm32g4xx_hal_spi.o
 .debug_info    0x0000d6e5     0x2c52 ./Drivers/STM32G4xx_HAL_Driver/Src/stm32g4xx_hal_tim.o
 .debug_info    0x00010337     0x1d95 ./Drivers/STM32G4xx_HAL_Driver/Src/stm32g4xx_hal_tim_ex.o
 .debug_info    0x000120cc     0x481e ./Drivers/STM32G4xx_HAL_Driver/Src/stm32g4xx_hal_uart.o
 .debug_info    0x000168ea      0xfdd ./Drivers/STM32G4xx_HAL_Driver/Src/stm32g4xx_hal_uart_ex.o

.debug_abbrev   0x00000000     0x316f
 .debug_abbrev  0x00000000      0x1a1 ./Core/Src/crypto_wrapper.o
 .debug_abbrev  0x000001a1      0x337 ./Core/Src/main.o
 .debug_abbrev  0x000004d8      0x28d ./Core/Src/stm32g4xx_hal_msp.o
 .debug_abbrev  0x00000765      0x184 ./Core/Src/stm32g4xx_it.o
 .debug_abbrev  0x000008e9      0x271 ./Core/Src/sx1272.o
 .debug_abbrev  0x00000b5a       0xbc ./Core/Src/sysmem.o
 .debug_abbrev  0x00000c16      0x11a ./Core/Src/system_stm32g4xx.o
 .debug_abbrev  0x00000d30      0x2b6 ./Core/Src/test.o
 .debug_abbrev  0x00000fe6       0x24 ./Core/Startup/startup_stm32g431rbtx.o
 .debug_abbrev  0x0000100a      0x271 ./Drivers/STM32G4xx_HAL_Driver/Src/stm32g4xx_hal.o
 .debug_abbrev  0x0000127b      0x31c ./Drivers/STM32G4xx_HAL_Driver/Src/stm32g4xx_hal_cortex.o
 .debug_abbrev  0x00001597      0x1ee ./Drivers/STM32G4xx_HAL_Driver/Src/stm32g4xx_hal_crc.o
 .debug_abbrev  0x00001785      0x151 ./Drivers/STM32G4xx_HAL_Driver/Src/stm32g4xx_hal_crc_ex.o
 .debug_abbrev  0x000018d6      0x1e2 ./Drivers/STM32G4xx_HAL_Driver/Src/stm32g4xx_hal_dma.o
 .debug_abbrev  0x00001ab8      0x1cb ./Drivers/STM32G4xx_HAL_Driver/Src/stm32g4xx_hal_gpio.o
 .debug_abbrev  0x00001c83      0x22c ./Drivers/STM32G4xx_HAL_Driver/Src/stm32g4xx_hal_pwr_ex.o
 .debug_abbrev  0x00001eaf      0x2c9 ./Drivers/STM32G4xx_HAL_Driver/Src/stm32g4xx_hal_rcc.o
 .debug_abbrev  0x00002178      0x258 ./Drivers/STM32G4xx_HAL_Driver/Src/stm32g4xx_hal_rcc_ex.o
 .debug_abbrev  0x000023d0      0x25d ./Drivers/STM32G4xx_HAL_Driver/Src/stm32g4xx_hal_spi.o
 .debug_abbrev  0x0000262d      0x2a7 ./Drivers/STM32G4xx_HAL_Driver/Src/stm32g4xx_hal_tim.o
 .debug_abbrev  0x000028d4      0x2c5 ./Drivers/STM32G4xx_HAL_Driver/Src/stm32g4xx_hal_tim_ex.o
 .debug_abbrev  0x00002b99      0x304 ./Drivers/STM32G4xx_HAL_Driver/Src/stm32g4xx_hal_uart.o
 .debug_abbrev  0x00002e9d      0x2d2 ./Drivers/STM32G4xx_HAL_Driver/Src/stm32g4xx_hal_uart_ex.o

.debug_aranges  0x00000000     0x1410
 .debug_aranges
                0x00000000       0x38 ./Core/Src/crypto_wrapper.o
 .debug_aranges
                0x00000038       0x60 ./Core/Src/main.o
 .debug_aranges
                0x00000098       0x60 ./Core/Src/stm32g4xx_hal_msp.o
 .debug_aranges
                0x000000f8       0x78 ./Core/Src/stm32g4xx_it.o
 .debug_aranges
                0x00000170       0x80 ./Core/Src/sx1272.o
 .debug_aranges
                0x000001f0       0x20 ./Core/Src/sysmem.o
 .debug_aranges
                0x00000210       0x28 ./Core/Src/system_stm32g4xx.o
 .debug_aranges
                0x00000238       0x58 ./Core/Src/test.o
 .debug_aranges
                0x00000290       0x28 ./Core/Startup/startup_stm32g431rbtx.o
 .debug_aranges
                0x000002b8      0x148 ./Drivers/STM32G4xx_HAL_Driver/Src/stm32g4xx_hal.o
 .debug_aranges
                0x00000400      0x128 ./Drivers/STM32G4xx_HAL_Driver/Src/stm32g4xx_hal_cortex.o
 .debug_aranges
                0x00000528       0x60 ./Drivers/STM32G4xx_HAL_Driver/Src/stm32g4xx_hal_crc.o
 .debug_aranges
                0x00000588       0x30 ./Drivers/STM32G4xx_HAL_Driver/Src/stm32g4xx_hal_crc_ex.o
 .debug_aranges
                0x000005b8       0x90 ./Drivers/STM32G4xx_HAL_Driver/Src/stm32g4xx_hal_dma.o
 .debug_aranges
                0x00000648       0x58 ./Drivers/STM32G4xx_HAL_Driver/Src/stm32g4xx_hal_gpio.o
 .debug_aranges
                0x000006a0      0x140 ./Drivers/STM32G4xx_HAL_Driver/Src/stm32g4xx_hal_pwr_ex.o
 .debug_aranges
                0x000007e0       0x98 ./Drivers/STM32G4xx_HAL_Driver/Src/stm32g4xx_hal_rcc.o
 .debug_aranges
                0x00000878       0xb0 ./Drivers/STM32G4xx_HAL_Driver/Src/stm32g4xx_hal_rcc_ex.o
 .debug_aranges
                0x00000928      0x1d8 ./Drivers/STM32G4xx_HAL_Driver/Src/stm32g4xx_hal_spi.o
 .debug_aranges
                0x00000b00      0x3e0 ./Drivers/STM32G4xx_HAL_Driver/Src/stm32g4xx_hal_tim.o
 .debug_aranges
                0x00000ee0      0x240 ./Drivers/STM32G4xx_HAL_Driver/Src/stm32g4xx_hal_tim_ex.o
 .debug_aranges
                0x00001120      0x248 ./Drivers/STM32G4xx_HAL_Driver/Src/stm32g4xx_hal_uart.o
 .debug_aranges
                0x00001368       0xa8 ./Drivers/STM32G4xx_HAL_Driver/Src/stm32g4xx_hal_uart_ex.o

.debug_rnglists
                0x00000000      0xfb2
 .debug_rnglists
                0x00000000       0x27 ./Core/Src/crypto_wrapper.o
 .debug_rnglists
                0x00000027       0x48 ./Core/Src/main.o
 .debug_rnglists
                0x0000006f       0x45 ./Core/Src/stm32g4xx_hal_msp.o
 .debug_rnglists
                0x000000b4       0x55 ./Core/Src/stm32g4xx_it.o
 .debug_rnglists
                0x00000109       0x5f ./Core/Src/sx1272.o
 .debug_rnglists
                0x00000168       0x13 ./Core/Src/sysmem.o
 .debug_rnglists
                0x0000017b       0x1a ./Core/Src/system_stm32g4xx.o
 .debug_rnglists
                0x00000195       0x51 ./Core/Src/test.o
 .debug_rnglists
                0x000001e6       0x19 ./Core/Startup/startup_stm32g431rbtx.o
 .debug_rnglists
                0x000001ff       0xf1 ./Drivers/STM32G4xx_HAL_Driver/Src/stm32g4xx_hal.o
 .debug_rnglists
                0x000002f0       0xda ./Drivers/STM32G4xx_HAL_Driver/Src/stm32g4xx_hal_cortex.o
 .debug_rnglists
                0x000003ca       0x47 ./Drivers/STM32G4xx_HAL_Driver/Src/stm32g4xx_hal_crc.o
 .debug_rnglists
                0x00000411       0x20 ./Drivers/STM32G4xx_HAL_Driver/Src/stm32g4xx_hal_crc_ex.o
 .debug_rnglists
                0x00000431       0x71 ./Drivers/STM32G4xx_HAL_Driver/Src/stm32g4xx_hal_dma.o
 .debug_rnglists
                0x000004a2       0x3f ./Drivers/STM32G4xx_HAL_Driver/Src/stm32g4xx_hal_gpio.o
 .debug_rnglists
                0x000004e1       0xf1 ./Drivers/STM32G4xx_HAL_Driver/Src/stm32g4xx_hal_pwr_ex.o
 .debug_rnglists
                0x000005d2       0x74 ./Drivers/STM32G4xx_HAL_Driver/Src/stm32g4xx_hal_rcc.o
 .debug_rnglists
                0x00000646       0x87 ./Drivers/STM32G4xx_HAL_Driver/Src/stm32g4xx_hal_rcc_ex.o
 .debug_rnglists
                0x000006cd      0x178 ./Drivers/STM32G4xx_HAL_Driver/Src/stm32g4xx_hal_spi.o
 .debug_rnglists
                0x00000845      0x328 ./Drivers/STM32G4xx_HAL_Driver/Src/stm32g4xx_hal_tim.o
 .debug_rnglists
                0x00000b6d      0x1cc ./Drivers/STM32G4xx_HAL_Driver/Src/stm32g4xx_hal_tim_ex.o
 .debug_rnglists
                0x00000d39      0x1fa ./Drivers/STM32G4xx_HAL_Driver/Src/stm32g4xx_hal_uart.o
 .debug_rnglists
                0x00000f33       0x7f ./Drivers/STM32G4xx_HAL_Driver/Src/stm32g4xx_hal_uart_ex.o

.debug_macro    0x00000000    0x20a66
 .debug_macro   0x00000000      0x54a ./Core/Src/crypto_wrapper.o
 .debug_macro   0x0000054a      0xad8 ./Core/Src/crypto_wrapper.o
 .debug_macro   0x00001022       0x22 ./Core/Src/crypto_wrapper.o
 .debug_macro   0x00001044       0x8e ./Core/Src/crypto_wrapper.o
 .debug_macro   0x000010d2       0x51 ./Core/Src/crypto_wrapper.o
 .debug_macro   0x00001123      0x103 ./Core/Src/crypto_wrapper.o
 .debug_macro   0x00001226       0x6a ./Core/Src/crypto_wrapper.o
 .debug_macro   0x00001290      0x1df ./Core/Src/crypto_wrapper.o
 .debug_macro   0x0000146f      0x190 ./Core/Src/crypto_wrapper.o
 .debug_macro   0x000015ff       0x28 ./Core/Src/crypto_wrapper.o
 .debug_macro   0x00001627       0x10 ./Core/Src/crypto_wrapper.o
 .debug_macro   0x00001637       0x10 ./Core/Src/crypto_wrapper.o
 .debug_macro   0x00001647       0x10 ./Core/Src/crypto_wrapper.o
 .debug_macro   0x00001657       0x1c ./Core/Src/crypto_wrapper.o